Archive member included to satisfy reference by file (symbol)

/Users/zeroisone/Downloads/gcc-arm-none-eabi-9-2019-q4-major/bin/../lib/gcc/arm-none-eabi/9.2.1/thumb/v7e-m/nofp/libgcc.a(_arm_addsubdf3.o)
                              CMakeFiles/intellikeeper_base.elf.dir/Drivers/Zigbee/zigbee.c.obj (__aeabi_i2d)
/Users/zeroisone/Downloads/gcc-arm-none-eabi-9-2019-q4-major/bin/../lib/gcc/arm-none-eabi/9.2.1/thumb/v7e-m/nofp/libgcc.a(_arm_muldivdf3.o)
                              CMakeFiles/intellikeeper_base.elf.dir/Drivers/Zigbee/zigbee.c.obj (__aeabi_ddiv)
/Users/zeroisone/Downloads/gcc-arm-none-eabi-9-2019-q4-major/bin/../lib/gcc/arm-none-eabi/9.2.1/thumb/v7e-m/nofp/libgcc.a(_aeabi_uldivmod.o)
                              CMakeFiles/intellikeeper_base.elf.dir/Drivers/STM32L4xx_HAL_Driver/Src/stm32l4xx_hal_uart.c.obj (__aeabi_uldivmod)
/Users/zeroisone/Downloads/gcc-arm-none-eabi-9-2019-q4-major/bin/../lib/gcc/arm-none-eabi/9.2.1/thumb/v7e-m/nofp/libgcc.a(_udivmoddi4.o)
                              /Users/zeroisone/Downloads/gcc-arm-none-eabi-9-2019-q4-major/bin/../lib/gcc/arm-none-eabi/9.2.1/thumb/v7e-m/nofp/libgcc.a(_aeabi_uldivmod.o) (__udivmoddi4)
/Users/zeroisone/Downloads/gcc-arm-none-eabi-9-2019-q4-major/bin/../lib/gcc/arm-none-eabi/9.2.1/thumb/v7e-m/nofp/libgcc.a(_dvmd_tls.o)
                              /Users/zeroisone/Downloads/gcc-arm-none-eabi-9-2019-q4-major/bin/../lib/gcc/arm-none-eabi/9.2.1/thumb/v7e-m/nofp/libgcc.a(_aeabi_uldivmod.o) (__aeabi_ldiv0)
/Users/zeroisone/Downloads/gcc-arm-none-eabi-9-2019-q4-major/bin/../lib/gcc/arm-none-eabi/9.2.1/../../../../arm-none-eabi/lib/thumb/v7e-m/nofp/libg_nano.a(lib_a-errno.o)
                              CMakeFiles/intellikeeper_base.elf.dir/Src/syscalls.c.obj (__errno)
/Users/zeroisone/Downloads/gcc-arm-none-eabi-9-2019-q4-major/bin/../lib/gcc/arm-none-eabi/9.2.1/../../../../arm-none-eabi/lib/thumb/v7e-m/nofp/libg_nano.a(lib_a-exit.o)
                              /Users/zeroisone/Downloads/gcc-arm-none-eabi-9-2019-q4-major/bin/../lib/gcc/arm-none-eabi/9.2.1/../../../../arm-none-eabi/lib/thumb/v7e-m/nofp/crt0.o (exit)
/Users/zeroisone/Downloads/gcc-arm-none-eabi-9-2019-q4-major/bin/../lib/gcc/arm-none-eabi/9.2.1/../../../../arm-none-eabi/lib/thumb/v7e-m/nofp/libg_nano.a(lib_a-impure.o)
                              /Users/zeroisone/Downloads/gcc-arm-none-eabi-9-2019-q4-major/bin/../lib/gcc/arm-none-eabi/9.2.1/../../../../arm-none-eabi/lib/thumb/v7e-m/nofp/libg_nano.a(lib_a-exit.o) (_global_impure_ptr)
/Users/zeroisone/Downloads/gcc-arm-none-eabi-9-2019-q4-major/bin/../lib/gcc/arm-none-eabi/9.2.1/../../../../arm-none-eabi/lib/thumb/v7e-m/nofp/libg_nano.a(lib_a-init.o)
                              /Users/zeroisone/Downloads/gcc-arm-none-eabi-9-2019-q4-major/bin/../lib/gcc/arm-none-eabi/9.2.1/../../../../arm-none-eabi/lib/thumb/v7e-m/nofp/crt0.o (__libc_init_array)
/Users/zeroisone/Downloads/gcc-arm-none-eabi-9-2019-q4-major/bin/../lib/gcc/arm-none-eabi/9.2.1/../../../../arm-none-eabi/lib/thumb/v7e-m/nofp/libg_nano.a(lib_a-memcmp.o)
                              CMakeFiles/intellikeeper_base.elf.dir/Drivers/Paho_MQTT/Src/MQTTConnectServer.c.obj (memcmp)
/Users/zeroisone/Downloads/gcc-arm-none-eabi-9-2019-q4-major/bin/../lib/gcc/arm-none-eabi/9.2.1/../../../../arm-none-eabi/lib/thumb/v7e-m/nofp/libg_nano.a(lib_a-memcpy-stub.o)
                              CMakeFiles/intellikeeper_base.elf.dir/Drivers/MQTT/mqtt.c.obj (memcpy)
/Users/zeroisone/Downloads/gcc-arm-none-eabi-9-2019-q4-major/bin/../lib/gcc/arm-none-eabi/9.2.1/../../../../arm-none-eabi/lib/thumb/v7e-m/nofp/libg_nano.a(lib_a-memset.o)
                              /Users/zeroisone/Downloads/gcc-arm-none-eabi-9-2019-q4-major/bin/../lib/gcc/arm-none-eabi/9.2.1/../../../../arm-none-eabi/lib/thumb/v7e-m/nofp/crt0.o (memset)
/Users/zeroisone/Downloads/gcc-arm-none-eabi-9-2019-q4-major/bin/../lib/gcc/arm-none-eabi/9.2.1/../../../../arm-none-eabi/lib/thumb/v7e-m/nofp/libg_nano.a(lib_a-snprintf.o)
                              CMakeFiles/intellikeeper_base.elf.dir/Drivers/MQTT/mqtt.c.obj (snprintf)
/Users/zeroisone/Downloads/gcc-arm-none-eabi-9-2019-q4-major/bin/../lib/gcc/arm-none-eabi/9.2.1/../../../../arm-none-eabi/lib/thumb/v7e-m/nofp/libg_nano.a(lib_a-strlen.o)
                              CMakeFiles/intellikeeper_base.elf.dir/Drivers/GPRS/gprs.c.obj (strlen)
/Users/zeroisone/Downloads/gcc-arm-none-eabi-9-2019-q4-major/bin/../lib/gcc/arm-none-eabi/9.2.1/../../../../arm-none-eabi/lib/thumb/v7e-m/nofp/libg_nano.a(lib_a-strncmp.o)
                              CMakeFiles/intellikeeper_base.elf.dir/Drivers/Paho_MQTT/Src/MQTTPacket.c.obj (strncmp)
/Users/zeroisone/Downloads/gcc-arm-none-eabi-9-2019-q4-major/bin/../lib/gcc/arm-none-eabi/9.2.1/../../../../arm-none-eabi/lib/thumb/v7e-m/nofp/libg_nano.a(lib_a-strstr.o)
                              CMakeFiles/intellikeeper_base.elf.dir/Drivers/GPRS/gprs.c.obj (strstr)
[...]
Memory Configuration

Name             Origin             Length             Attributes
RAM              0x0000000020000000 0x0000000000010000 xrw
FLASH            0x0000000008000000 0x0000000000040000 xr
*default*        0x0000000000000000 0xffffffffffffffff

Linker script and memory map

LOAD /Users/zeroisone/Downloads/gcc-arm-none-eabi-9-2019-q4-major/bin/../lib/gcc/arm-none-eabi/9.2.1/thumb/v7e-m/nofp/crti.o
LOAD /Users/zeroisone/Downloads/gcc-arm-none-eabi-9-2019-q4-major/bin/../lib/gcc/arm-none-eabi/9.2.1/thumb/v7e-m/nofp/crtbegin.o
LOAD /Users/zeroisone/Downloads/gcc-arm-none-eabi-9-2019-q4-major/bin/../lib/gcc/arm-none-eabi/9.2.1/../../../../arm-none-eabi/lib/thumb/v7e-m/nofp/crt0.o
LOAD CMakeFiles/intellikeeper_base.elf.dir/Drivers/GPRS/gprs.c.obj
LOAD CMakeFiles/intellikeeper_base.elf.dir/Drivers/LCD/lcd.c.obj
LOAD CMakeFiles/intellikeeper_base.elf.dir/Drivers/LCD/terminal.c.obj
LOAD CMakeFiles/intellikeeper_base.elf.dir/Drivers/MQTT/mqtt.c.obj
LOAD CMakeFiles/intellikeeper_base.elf.dir/Drivers/Paho_MQTT/Src/MQTTConnectClient.c.obj
LOAD CMakeFiles/intellikeeper_base.elf.dir/Drivers/Paho_MQTT/Src/MQTTConnectServer.c.obj
LOAD CMakeFiles/intellikeeper_base.elf.dir/Drivers/Paho_MQTT/Src/MQTTDeserializePublish.c.obj
LOAD CMakeFiles/intellikeeper_base.elf.dir/Drivers/Paho_MQTT/Src/MQTTFormat.c.obj
LOAD CMakeFiles/intellikeeper_base.elf.dir/Drivers/Paho_MQTT/Src/MQTTPacket.c.obj
LOAD CMakeFiles/intellikeeper_base.elf.dir/Drivers/Paho_MQTT/Src/MQTTSerializePublish.c.obj
LOAD CMakeFiles/intellikeeper_base.elf.dir/Drivers/Paho_MQTT/Src/MQTTSubscribeClient.c.obj
LOAD CMakeFiles/intellikeeper_base.elf.dir/Drivers/Paho_MQTT/Src/MQTTSubscribeServer.c.obj
LOAD CMakeFiles/intellikeeper_base.elf.dir/Drivers/Paho_MQTT/Src/MQTTUnsubscribeClient.c.obj
LOAD CMakeFiles/intellikeeper_base.elf.dir/Drivers/Paho_MQTT/Src/MQTTUnsubscribeServer.c.obj
LOAD CMakeFiles/intellikeeper_base.elf.dir/Drivers/Paho_MQTT/Src/transport.c.obj
LOAD CMakeFiles/intellikeeper_base.elf.dir/Drivers/STM32L4xx_HAL_Driver/Src/stm32l4xx_hal.c.obj
LOAD CMakeFiles/intellikeeper_base.elf.dir/Drivers/STM32L4xx_HAL_Driver/Src/stm32l4xx_hal_cortex.c.obj
LOAD CMakeFiles/intellikeeper_base.elf.dir/Drivers/STM32L4xx_HAL_Driver/Src/stm32l4xx_hal_dma.c.obj
LOAD CMakeFiles/intellikeeper_base.elf.dir/Drivers/STM32L4xx_HAL_Driver/Src/stm32l4xx_hal_dma_ex.c.obj
LOAD CMakeFiles/intellikeeper_base.elf.dir/Drivers/STM32L4xx_HAL_Driver/Src/stm32l4xx_hal_exti.c.obj
LOAD CMakeFiles/intellikeeper_base.elf.dir/Drivers/STM32L4xx_HAL_Driver/Src/stm32l4xx_hal_flash.c.obj
LOAD CMakeFiles/intellikeeper_base.elf.dir/Drivers/STM32L4xx_HAL_Driver/Src/stm32l4xx_hal_flash_ex.c.obj
LOAD CMakeFiles/intellikeeper_base.elf.dir/Drivers/STM32L4xx_HAL_Driver/Src/stm32l4xx_hal_flash_ramfunc.c.obj
LOAD CMakeFiles/intellikeeper_base.elf.dir/Drivers/STM32L4xx_HAL_Driver/Src/stm32l4xx_hal_gpio.c.obj
LOAD CMakeFiles/intellikeeper_base.elf.dir/Drivers/STM32L4xx_HAL_Driver/Src/stm32l4xx_hal_i2c.c.obj
LOAD CMakeFiles/intellikeeper_base.elf.dir/Drivers/STM32L4xx_HAL_Driver/Src/stm32l4xx_hal_i2c_ex.c.obj
LOAD CMakeFiles/intellikeeper_base.elf.dir/Drivers/STM32L4xx_HAL_Driver/Src/stm32l4xx_hal_pwr.c.obj
LOAD CMakeFiles/intellikeeper_base.elf.dir/Drivers/STM32L4xx_HAL_Driver/Src/stm32l4xx_hal_pwr_ex.c.obj
LOAD CMakeFiles/intellikeeper_base.elf.dir/Drivers/STM32L4xx_HAL_Driver/Src/stm32l4xx_hal_rcc.c.obj
LOAD CMakeFiles/intellikeeper_base.elf.dir/Drivers/STM32L4xx_HAL_Driver/Src/stm32l4xx_hal_rcc_ex.c.obj
LOAD CMakeFiles/intellikeeper_base.elf.dir/Drivers/STM32L4xx_HAL_Driver/Src/stm32l4xx_hal_spi.c.obj
LOAD CMakeFiles/intellikeeper_base.elf.dir/Drivers/STM32L4xx_HAL_Driver/Src/stm32l4xx_hal_spi_ex.c.obj
LOAD CMakeFiles/intellikeeper_base.elf.dir/Drivers/STM32L4xx_HAL_Driver/Src/stm32l4xx_hal_tim.c.obj
LOAD CMakeFiles/intellikeeper_base.elf.dir/Drivers/STM32L4xx_HAL_Driver/Src/stm32l4xx_hal_tim_ex.c.obj
LOAD CMakeFiles/intellikeeper_base.elf.dir/Drivers/STM32L4xx_HAL_Driver/Src/stm32l4xx_hal_uart.c.obj
LOAD CMakeFiles/intellikeeper_base.elf.dir/Drivers/STM32L4xx_HAL_Driver/Src/stm32l4xx_hal_uart_ex.c.obj
LOAD CMakeFiles/intellikeeper_base.elf.dir/Drivers/StreamIO/stream_io.c.obj
LOAD CMakeFiles/intellikeeper_base.elf.dir/Drivers/Wifi/wifi.c.obj
LOAD CMakeFiles/intellikeeper_base.elf.dir/Drivers/Zigbee/zigbee.c.obj
LOAD CMakeFiles/intellikeeper_base.elf.dir/Src/gpio.c.obj
LOAD CMakeFiles/intellikeeper_base.elf.dir/Src/i2c.c.obj
LOAD CMakeFiles/intellikeeper_base.elf.dir/Src/main.c.obj
LOAD CMakeFiles/intellikeeper_base.elf.dir/Src/spi.c.obj
LOAD CMakeFiles/intellikeeper_base.elf.dir/Src/stm32l4xx_hal_msp.c.obj
LOAD CMakeFiles/intellikeeper_base.elf.dir/Src/stm32l4xx_it.c.obj
LOAD CMakeFiles/intellikeeper_base.elf.dir/Src/syscalls.c.obj
LOAD CMakeFiles/intellikeeper_base.elf.dir/Src/system_stm32l4xx.c.obj
LOAD CMakeFiles/intellikeeper_base.elf.dir/Src/tim.c.obj
LOAD CMakeFiles/intellikeeper_base.elf.dir/Src/usart.c.obj
LOAD CMakeFiles/intellikeeper_base.elf.dir/startup/startup_stm32l431xx.s.obj
START GROUP
LOAD /Users/zeroisone/Downloads/gcc-arm-none-eabi-9-2019-q4-major/bin/../lib/gcc/arm-none-eabi/9.2.1/thumb/v7e-m/nofp/libgcc.a
LOAD /Users/zeroisone/Downloads/gcc-arm-none-eabi-9-2019-q4-major/bin/../lib/gcc/arm-none-eabi/9.2.1/../../../../arm-none-eabi/lib/thumb/v7e-m/nofp/libg_nano.a
LOAD /Users/zeroisone/Downloads/gcc-arm-none-eabi-9-2019-q4-major/bin/../lib/gcc/arm-none-eabi/9.2.1/../../../../arm-none-eabi/lib/thumb/v7e-m/nofp/libc_nano.a
END GROUP
START GROUP
LOAD /Users/zeroisone/Downloads/gcc-arm-none-eabi-9-2019-q4-major/bin/../lib/gcc/arm-none-eabi/9.2.1/thumb/v7e-m/nofp/libgcc.a
LOAD /Users/zeroisone/Downloads/gcc-arm-none-eabi-9-2019-q4-major/bin/../lib/gcc/arm-none-eabi/9.2.1/../../../../arm-none-eabi/lib/thumb/v7e-m/nofp/libc_nano.a
LOAD /Users/zeroisone/Downloads/gcc-arm-none-eabi-9-2019-q4-major/bin/../lib/gcc/arm-none-eabi/9.2.1/../../../../arm-none-eabi/lib/thumb/v7e-m/nofp/libnosys.a
END GROUP
START GROUP
LOAD /Users/zeroisone/Downloads/gcc-arm-none-eabi-9-2019-q4-major/bin/../lib/gcc/arm-none-eabi/9.2.1/thumb/v7e-m/nofp/libgcc.a
LOAD /Users/zeroisone/Downloads/gcc-arm-none-eabi-9-2019-q4-major/bin/../lib/gcc/arm-none-eabi/9.2.1/../../../../arm-none-eabi/lib/thumb/v7e-m/nofp/libc_nano.a
LOAD /Users/zeroisone/Downloads/gcc-arm-none-eabi-9-2019-q4-major/bin/../lib/gcc/arm-none-eabi/9.2.1/../../../../arm-none-eabi/lib/thumb/v7e-m/nofp/libnosys.a
END GROUP
LOAD /Users/zeroisone/Downloads/gcc-arm-none-eabi-9-2019-q4-major/bin/../lib/gcc/arm-none-eabi/9.2.1/thumb/v7e-m/nofp/crtend.o
LOAD /Users/zeroisone/Downloads/gcc-arm-none-eabi-9-2019-q4-major/bin/../lib/gcc/arm-none-eabi/9.2.1/thumb/v7e-m/nofp/crtn.o
                0x0000000020010000                _estack = 0x20010000
                0x0000000000000200                _Min_Heap_Size = 0x200
                0x0000000000000400                _Min_Stack_Size = 0x400

.isr_vector     0x0000000008000000      0x190
                0x0000000008000000                . = ALIGN (0x8)
 *(.isr_vector)
 .isr_vector    0x0000000008000000      0x18c CMakeFiles/intellikeeper_base.elf.dir/startup/startup_stm32l431xx.s.obj
                0x0000000008000000                g_pfnVectors
                0x0000000008000190                . = ALIGN (0x8)
 *fill*         0x000000000800018c        0x4 

.text           0x0000000008000190     0x8ba0
                0x0000000008000190                . = ALIGN (0x8)
 *(.text)
 .text          0x0000000008000190       0x40 /Users/zeroisone/Downloads/gcc-arm-none-eabi-9-2019-q4-major/bin/../lib/gcc/arm-none-eabi/9.2.1/thumb/v7e-m/nofp/crtbegin.o
 .text          0x00000000080001d0       0x30 /Users/zeroisone/Downloads/gcc-arm-none-eabi-9-2019-q4-major/bin/../lib/gcc/arm-none-eabi/9.2.1/thumb/v7e-m/nofp/libgcc.a(_aeabi_uldivmod.o)
                0x00000000080001d0                __aeabi_uldivmod
 .text          0x0000000008000200      0x2c0 /Users/zeroisone/Downloads/gcc-arm-none-eabi-9-2019-q4-major/bin/../lib/gcc/arm-none-eabi/9.2.1/thumb/v7e-m/nofp/libgcc.a(_udivmoddi4.o)
                0x0000000008000200                __udivmoddi4
 .text          0x00000000080004c0        0x4 /Users/zeroisone/Downloads/gcc-arm-none-eabi-9-2019-q4-major/bin/../lib/gcc/arm-none-eabi/9.2.1/thumb/v7e-m/nofp/libgcc.a(_dvmd_tls.o)
                0x00000000080004c0                __aeabi_ldiv0
                0x00000000080004c0                __aeabi_idiv0
 .text          0x00000000080004c4       0x10 /Users/zeroisone/Downloads/gcc-arm-none-eabi-9-2019-q4-major/bin/../lib/gcc/arm-none-eabi/9.2.1/../../../../arm-none-eabi/lib/thumb/v7e-m/nofp/libg_nano.a(lib_a-strlen.o)
                0x00000000080004c4                strlen
 *fill*         0x00000000080004d4        0xc 
 .text          0x00000000080004e0       0xa0 /Users/zeroisone/Downloads/gcc-arm-none-eabi-9-2019-q4-major/bin/../lib/gcc/arm-none-eabi/9.2.1/../../../../arm-none-eabi/lib/thumb/v7e-m/nofp/libg_nano.a(lib_a-memchr.o)
                0x00000000080004e0                memchr
 *(.text*)
 .text.LCD_Write_Cmd
                0x0000000008000580       0x34 CMakeFiles/intellikeeper_base.elf.dir/Drivers/LCD/lcd.c.obj
 .text.LCD_Write_Data
                0x00000000080005b4       0x34 CMakeFiles/intellikeeper_base.elf.dir/Drivers/LCD/lcd.c.obj
 .text.LCD_Write_Color
                0x00000000080005e8       0x34 CMakeFiles/intellikeeper_base.elf.dir/Drivers/LCD/lcd.c.obj
 .text.LCD_Addr_Set
                0x000000000800061c       0x98 CMakeFiles/intellikeeper_base.elf.dir/Drivers/LCD/lcd.c.obj
 .text.LCD_Initialize
                0x00000000080006b4      0x1c4 CMakeFiles/intellikeeper_base.elf.dir/Drivers/LCD/lcd.c.obj
                0x00000000080006b4                LCD_Initialize
 .text.LCD_Clear
                0x0000000008000878       0x88 CMakeFiles/intellikeeper_base.elf.dir/Drivers/LCD/lcd.c.obj
                0x0000000008000878                LCD_Clear
 .text.LCD_Draw_Terminal_Char
                0x0000000008000900       0xac CMakeFiles/intellikeeper_base.elf.dir/Drivers/LCD/lcd.c.obj
                0x0000000008000900                LCD_Draw_Terminal_Char
 .text.Terminal_Initialize
                0x00000000080009ac       0x3c CMakeFiles/intellikeeper_base.elf.dir/Drivers/LCD/terminal.c.obj
                0x00000000080009ac                Terminal_Initialize
 .text.Terminal_Buf_Push
                0x00000000080009e8      0x158 CMakeFiles/intellikeeper_base.elf.dir/Drivers/LCD/terminal.c.obj
 .text.Terminal_Cursor_Forward
                0x0000000008000b40       0x1c CMakeFiles/intellikeeper_base.elf.dir/Drivers/LCD/terminal.c.obj
 .text.Terminal_Cursor_Next
                0x0000000008000b5c       0x1c CMakeFiles/intellikeeper_base.elf.dir/Drivers/LCD/terminal.c.obj
 .text.Terminal_Cursor_ResetX
                0x0000000008000b78       0x18 CMakeFiles/intellikeeper_base.elf.dir/Drivers/LCD/terminal.c.obj
 .text.Terminal_Cursor_ResetY
                0x0000000008000b90       0x18 CMakeFiles/intellikeeper_base.elf.dir/Drivers/LCD/terminal.c.obj
 .text.Terminal_Draw
                0x0000000008000ba8       0x3c CMakeFiles/intellikeeper_base.elf.dir/Drivers/LCD/terminal.c.obj
 .text.Terminal_ScrollUp
                0x0000000008000be4       0x6c CMakeFiles/intellikeeper_base.elf.dir/Drivers/LCD/terminal.c.obj
                0x0000000008000be4                Terminal_ScrollUp
 .text.Terminal_ScrollDown
                0x0000000008000c50       0x6c CMakeFiles/intellikeeper_base.elf.dir/Drivers/LCD/terminal.c.obj
                0x0000000008000c50                Terminal_ScrollDown
 .text.Terminal_Buf_Render
                0x0000000008000cbc       0xd8 CMakeFiles/intellikeeper_base.elf.dir/Drivers/LCD/terminal.c.obj
                0x0000000008000cbc                Terminal_Buf_Render
 .text.Terminal_Buf_AutoScrollDown
                0x0000000008000d94       0x70 CMakeFiles/intellikeeper_base.elf.dir/Drivers/LCD/terminal.c.obj
 .text.Terminal_PutChar
                0x0000000008000e04       0x80 CMakeFiles/intellikeeper_base.elf.dir/Drivers/LCD/terminal.c.obj
                0x0000000008000e04                Terminal_PutChar
 .text.Terminal_Write
                0x0000000008000e84       0x30 CMakeFiles/intellikeeper_base.elf.dir/Drivers/LCD/terminal.c.obj
                0x0000000008000e84                Terminal_Write
 .text.PublishQueue_Push
                0x0000000008000eb4       0x60 CMakeFiles/intellikeeper_base.elf.dir/Drivers/MQTT/mqtt.c.obj
 .text.PublishQueue_Add
                0x0000000008000f14       0x4e CMakeFiles/intellikeeper_base.elf.dir/Drivers/MQTT/mqtt.c.obj
                0x0000000008000f14                PublishQueue_Add
 *fill*         0x0000000008000f62        0x2 
 .text.PublishQueue_Empty
                0x0000000008000f64       0x4c CMakeFiles/intellikeeper_base.elf.dir/Drivers/MQTT/mqtt.c.obj
 .text.PublishQueue_Pop
                0x0000000008000fb0       0x5c CMakeFiles/intellikeeper_base.elf.dir/Drivers/MQTT/mqtt.c.obj
 .text.getTopicName
                0x000000000800100c       0x34 CMakeFiles/intellikeeper_base.elf.dir/Drivers/MQTT/mqtt.c.obj
 .text.Action_Connect
                0x0000000008001040      0x100 CMakeFiles/intellikeeper_base.elf.dir/Drivers/MQTT/mqtt.c.obj
 .text.Action_Subscribe
                0x0000000008001140       0xec CMakeFiles/intellikeeper_base.elf.dir/Drivers/MQTT/mqtt.c.obj
 .text.Action_Stuck
                0x000000000800122c        0xe CMakeFiles/intellikeeper_base.elf.dir/Drivers/MQTT/mqtt.c.obj
 *fill*         0x000000000800123a        0x2 
 .text.Action_Publish
                0x000000000800123c       0xf8 CMakeFiles/intellikeeper_base.elf.dir/Drivers/MQTT/mqtt.c.obj
 .text.Action_SubLoop
                0x0000000008001334      0x270 CMakeFiles/intellikeeper_base.elf.dir/Drivers/MQTT/mqtt.c.obj
 .text.Mqtt_Connection_Config
                0x00000000080015a4       0x4c CMakeFiles/intellikeeper_base.elf.dir/Drivers/MQTT/mqtt.c.obj
                0x00000000080015a4                Mqtt_Connection_Config
 .text.Mqtt_Client_Start
                0x00000000080015f0       0x4c CMakeFiles/intellikeeper_base.elf.dir/Drivers/MQTT/mqtt.c.obj
                0x00000000080015f0                Mqtt_Client_Start
 .text.MQTTSerialize_connectLength
                0x000000000800163c       0xc2 CMakeFiles/intellikeeper_base.elf.dir/Drivers/Paho_MQTT/Src/MQTTConnectClient.c.obj
                0x000000000800163c                MQTTSerialize_connectLength
 *fill*         0x00000000080016fe        0x2 
 .text.MQTTSerialize_connect
                0x0000000008001700      0x1d8 CMakeFiles/intellikeeper_base.elf.dir/Drivers/Paho_MQTT/Src/MQTTConnectClient.c.obj
                0x0000000008001700                MQTTSerialize_connect
 .text.MQTTDeserialize_connack
                0x00000000080018d8       0xaa CMakeFiles/intellikeeper_base.elf.dir/Drivers/Paho_MQTT/Src/MQTTConnectClient.c.obj
                0x00000000080018d8                MQTTDeserialize_connack
 .text.MQTTDeserialize_publish
                0x0000000008001982       0xe4 CMakeFiles/intellikeeper_base.elf.dir/Drivers/Paho_MQTT/Src/MQTTDeserializePublish.c.obj
                0x0000000008001982                MQTTDeserialize_publish
 .text.MQTTPacket_encode
                0x0000000008001a66       0x5c CMakeFiles/intellikeeper_base.elf.dir/Drivers/Paho_MQTT/Src/MQTTPacket.c.obj
                0x0000000008001a66                MQTTPacket_encode
 .text.MQTTPacket_decode
                0x0000000008001ac2       0x78 CMakeFiles/intellikeeper_base.elf.dir/Drivers/Paho_MQTT/Src/MQTTPacket.c.obj
                0x0000000008001ac2                MQTTPacket_decode
 *fill*         0x0000000008001b3a        0x2 
 .text.MQTTPacket_len
                0x0000000008001b3c       0x54 CMakeFiles/intellikeeper_base.elf.dir/Drivers/Paho_MQTT/Src/MQTTPacket.c.obj
                0x0000000008001b3c                MQTTPacket_len
 .text.bufchar  0x0000000008001b90       0x40 CMakeFiles/intellikeeper_base.elf.dir/Drivers/Paho_MQTT/Src/MQTTPacket.c.obj
                0x0000000008001b90                bufchar
 .text.MQTTPacket_decodeBuf
                0x0000000008001bd0       0x2c CMakeFiles/intellikeeper_base.elf.dir/Drivers/Paho_MQTT/Src/MQTTPacket.c.obj
                0x0000000008001bd0                MQTTPacket_decodeBuf
 .text.readInt  0x0000000008001bfc       0x34 CMakeFiles/intellikeeper_base.elf.dir/Drivers/Paho_MQTT/Src/MQTTPacket.c.obj
                0x0000000008001bfc                readInt
 .text.readChar
                0x0000000008001c30       0x26 CMakeFiles/intellikeeper_base.elf.dir/Drivers/Paho_MQTT/Src/MQTTPacket.c.obj
                0x0000000008001c30                readChar
 .text.writeChar
                0x0000000008001c56       0x28 CMakeFiles/intellikeeper_base.elf.dir/Drivers/Paho_MQTT/Src/MQTTPacket.c.obj
                0x0000000008001c56                writeChar
 .text.writeInt
                0x0000000008001c7e       0x50 CMakeFiles/intellikeeper_base.elf.dir/Drivers/Paho_MQTT/Src/MQTTPacket.c.obj
                0x0000000008001c7e                writeInt
 .text.writeCString
                0x0000000008001cce       0x3e CMakeFiles/intellikeeper_base.elf.dir/Drivers/Paho_MQTT/Src/MQTTPacket.c.obj
                0x0000000008001cce                writeCString
 .text.writeMQTTString
                0x0000000008001d0c       0x5c CMakeFiles/intellikeeper_base.elf.dir/Drivers/Paho_MQTT/Src/MQTTPacket.c.obj
                0x0000000008001d0c                writeMQTTString
 .text.readMQTTLenString
                0x0000000008001d68       0x62 CMakeFiles/intellikeeper_base.elf.dir/Drivers/Paho_MQTT/Src/MQTTPacket.c.obj
                0x0000000008001d68                readMQTTLenString
 .text.MQTTstrlen
                0x0000000008001dca       0x32 CMakeFiles/intellikeeper_base.elf.dir/Drivers/Paho_MQTT/Src/MQTTPacket.c.obj
                0x0000000008001dca                MQTTstrlen
 .text.MQTTPacket_read
                0x0000000008001dfc       0xa0 CMakeFiles/intellikeeper_base.elf.dir/Drivers/Paho_MQTT/Src/MQTTPacket.c.obj
                0x0000000008001dfc                MQTTPacket_read
 .text.MQTTSerialize_publishLength
                0x0000000008001e9c       0x40 CMakeFiles/intellikeeper_base.elf.dir/Drivers/Paho_MQTT/Src/MQTTSerializePublish.c.obj
                0x0000000008001e9c                MQTTSerialize_publishLength
 .text.MQTTSerialize_publish
                0x0000000008001edc       0xec CMakeFiles/intellikeeper_base.elf.dir/Drivers/Paho_MQTT/Src/MQTTSerializePublish.c.obj
                0x0000000008001edc                MQTTSerialize_publish
 .text.MQTTSerialize_subscribeLength
                0x0000000008001fc8       0x4e CMakeFiles/intellikeeper_base.elf.dir/Drivers/Paho_MQTT/Src/MQTTSubscribeClient.c.obj
                0x0000000008001fc8                MQTTSerialize_subscribeLength
 .text.MQTTSerialize_subscribe
                0x0000000008002016       0xf8 CMakeFiles/intellikeeper_base.elf.dir/Drivers/Paho_MQTT/Src/MQTTSubscribeClient.c.obj
                0x0000000008002016                MQTTSerialize_subscribe
 .text.MQTTDeserialize_suback
                0x000000000800210e       0xce CMakeFiles/intellikeeper_base.elf.dir/Drivers/Paho_MQTT/Src/MQTTSubscribeClient.c.obj
                0x000000000800210e                MQTTDeserialize_suback
 .text.transport_sendPacketBuffer
                0x00000000080021dc       0x22 CMakeFiles/intellikeeper_base.elf.dir/Drivers/Paho_MQTT/Src/transport.c.obj
                0x00000000080021dc                transport_sendPacketBuffer
 .text.transport_getdata
                0x00000000080021fe       0x24 CMakeFiles/intellikeeper_base.elf.dir/Drivers/Paho_MQTT/Src/transport.c.obj
                0x00000000080021fe                transport_getdata
 .text.HAL_Init
                0x0000000008002222       0x30 CMakeFiles/intellikeeper_base.elf.dir/Drivers/STM32L4xx_HAL_Driver/Src/stm32l4xx_hal.c.obj
                0x0000000008002222                HAL_Init
 *fill*         0x0000000008002252        0x2 
 .text.HAL_InitTick
                0x0000000008002254       0x74 CMakeFiles/intellikeeper_base.elf.dir/Drivers/STM32L4xx_HAL_Driver/Src/stm32l4xx_hal.c.obj
                0x0000000008002254                HAL_InitTick
 .text.HAL_IncTick
                0x00000000080022c8       0x24 CMakeFiles/intellikeeper_base.elf.dir/Drivers/STM32L4xx_HAL_Driver/Src/stm32l4xx_hal.c.obj
                0x00000000080022c8                HAL_IncTick
 .text.HAL_GetTick
                0x00000000080022ec       0x14 CMakeFiles/intellikeeper_base.elf.dir/Drivers/STM32L4xx_HAL_Driver/Src/stm32l4xx_hal.c.obj
                0x00000000080022ec                HAL_GetTick
 .text.HAL_Delay
                0x0000000008002300       0x44 CMakeFiles/intellikeeper_base.elf.dir/Drivers/STM32L4xx_HAL_Driver/Src/stm32l4xx_hal.c.obj
                0x0000000008002300                HAL_Delay
 .text.__NVIC_SetPriorityGrouping
                0x0000000008002344       0x48 CMakeFiles/intellikeeper_base.elf.dir/Drivers/STM32L4xx_HAL_Driver/Src/stm32l4xx_hal_cortex.c.obj
 .text.__NVIC_GetPriorityGrouping
                0x000000000800238c       0x1c CMakeFiles/intellikeeper_base.elf.dir/Drivers/STM32L4xx_HAL_Driver/Src/stm32l4xx_hal_cortex.c.obj
 .text.__NVIC_EnableIRQ
                0x00000000080023a8       0x38 CMakeFiles/intellikeeper_base.elf.dir/Drivers/STM32L4xx_HAL_Driver/Src/stm32l4xx_hal_cortex.c.obj
 .text.__NVIC_SetPriority
                0x00000000080023e0       0x54 CMakeFiles/intellikeeper_base.elf.dir/Drivers/STM32L4xx_HAL_Driver/Src/stm32l4xx_hal_cortex.c.obj
 .text.NVIC_EncodePriority
                0x0000000008002434       0x64 CMakeFiles/intellikeeper_base.elf.dir/Drivers/STM32L4xx_HAL_Driver/Src/stm32l4xx_hal_cortex.c.obj
 .text.SysTick_Config
                0x0000000008002498       0x44 CMakeFiles/intellikeeper_base.elf.dir/Drivers/STM32L4xx_HAL_Driver/Src/stm32l4xx_hal_cortex.c.obj
 .text.HAL_NVIC_SetPriorityGrouping
                0x00000000080024dc       0x16 CMakeFiles/intellikeeper_base.elf.dir/Drivers/STM32L4xx_HAL_Driver/Src/stm32l4xx_hal_cortex.c.obj
                0x00000000080024dc                HAL_NVIC_SetPriorityGrouping
 .text.HAL_NVIC_SetPriority
                0x00000000080024f2       0x38 CMakeFiles/intellikeeper_base.elf.dir/Drivers/STM32L4xx_HAL_Driver/Src/stm32l4xx_hal_cortex.c.obj
                0x00000000080024f2                HAL_NVIC_SetPriority
 .text.HAL_NVIC_EnableIRQ
                0x000000000800252a       0x1c CMakeFiles/intellikeeper_base.elf.dir/Drivers/STM32L4xx_HAL_Driver/Src/stm32l4xx_hal_cortex.c.obj
                0x000000000800252a                HAL_NVIC_EnableIRQ
 .text.HAL_SYSTICK_Config
                0x0000000008002546       0x18 CMakeFiles/intellikeeper_base.elf.dir/Drivers/STM32L4xx_HAL_Driver/Src/stm32l4xx_hal_cortex.c.obj
                0x0000000008002546                HAL_SYSTICK_Config
 .text.HAL_DMA_Abort_IT
                0x000000000800255e       0x82 CMakeFiles/intellikeeper_base.elf.dir/Drivers/STM32L4xx_HAL_Driver/Src/stm32l4xx_hal_dma.c.obj
                0x000000000800255e                HAL_DMA_Abort_IT
 .text.HAL_GPIO_Init
                0x00000000080025e0      0x2f4 CMakeFiles/intellikeeper_base.elf.dir/Drivers/STM32L4xx_HAL_Driver/Src/stm32l4xx_hal_gpio.c.obj
                0x00000000080025e0                HAL_GPIO_Init
 .text.HAL_GPIO_WritePin
                0x00000000080028d4       0x2e CMakeFiles/intellikeeper_base.elf.dir/Drivers/STM32L4xx_HAL_Driver/Src/stm32l4xx_hal_gpio.c.obj
                0x00000000080028d4                HAL_GPIO_WritePin
 *fill*         0x0000000008002902        0x2 
 .text.HAL_GPIO_EXTI_IRQHandler
                0x0000000008002904       0x30 CMakeFiles/intellikeeper_base.elf.dir/Drivers/STM32L4xx_HAL_Driver/Src/stm32l4xx_hal_gpio.c.obj
                0x0000000008002904                HAL_GPIO_EXTI_IRQHandler
 .text.HAL_I2C_Init
                0x0000000008002934      0x11e CMakeFiles/intellikeeper_base.elf.dir/Drivers/STM32L4xx_HAL_Driver/Src/stm32l4xx_hal_i2c.c.obj
                0x0000000008002934                HAL_I2C_Init
 .text.HAL_I2CEx_ConfigAnalogFilter
                0x0000000008002a52       0x94 CMakeFiles/intellikeeper_base.elf.dir/Drivers/STM32L4xx_HAL_Driver/Src/stm32l4xx_hal_i2c_ex.c.obj
                0x0000000008002a52                HAL_I2CEx_ConfigAnalogFilter
 .text.HAL_I2CEx_ConfigDigitalFilter
                0x0000000008002ae6       0x96 CMakeFiles/intellikeeper_base.elf.dir/Drivers/STM32L4xx_HAL_Driver/Src/stm32l4xx_hal_i2c_ex.c.obj
                0x0000000008002ae6                HAL_I2CEx_ConfigDigitalFilter
 .text.HAL_PWREx_GetVoltageRange
                0x0000000008002b7c       0x18 CMakeFiles/intellikeeper_base.elf.dir/Drivers/STM32L4xx_HAL_Driver/Src/stm32l4xx_hal_pwr_ex.c.obj
                0x0000000008002b7c                HAL_PWREx_GetVoltageRange
 .text.HAL_PWREx_ControlVoltageScaling
                0x0000000008002b94       0xa8 CMakeFiles/intellikeeper_base.elf.dir/Drivers/STM32L4xx_HAL_Driver/Src/stm32l4xx_hal_pwr_ex.c.obj
                0x0000000008002b94                HAL_PWREx_ControlVoltageScaling
 .text.HAL_RCC_OscConfig
                0x0000000008002c3c      0x840 CMakeFiles/intellikeeper_base.elf.dir/Drivers/STM32L4xx_HAL_Driver/Src/stm32l4xx_hal_rcc.c.obj
                0x0000000008002c3c                HAL_RCC_OscConfig
 .text.HAL_RCC_ClockConfig
                0x000000000800347c      0x1c4 CMakeFiles/intellikeeper_base.elf.dir/Drivers/STM32L4xx_HAL_Driver/Src/stm32l4xx_hal_rcc.c.obj
                0x000000000800347c                HAL_RCC_ClockConfig
 .text.HAL_RCC_GetSysClockFreq
                0x0000000008003640      0x114 CMakeFiles/intellikeeper_base.elf.dir/Drivers/STM32L4xx_HAL_Driver/Src/stm32l4xx_hal_rcc.c.obj
                0x0000000008003640                HAL_RCC_GetSysClockFreq
 .text.HAL_RCC_GetHCLKFreq
                0x0000000008003754       0x14 CMakeFiles/intellikeeper_base.elf.dir/Drivers/STM32L4xx_HAL_Driver/Src/stm32l4xx_hal_rcc.c.obj
                0x0000000008003754                HAL_RCC_GetHCLKFreq
 .text.HAL_RCC_GetPCLK1Freq
                0x0000000008003768       0x2c CMakeFiles/intellikeeper_base.elf.dir/Drivers/STM32L4xx_HAL_Driver/Src/stm32l4xx_hal_rcc.c.obj
                0x0000000008003768                HAL_RCC_GetPCLK1Freq
 .text.HAL_RCC_GetPCLK2Freq
                0x0000000008003794       0x2c CMakeFiles/intellikeeper_base.elf.dir/Drivers/STM32L4xx_HAL_Driver/Src/stm32l4xx_hal_rcc.c.obj
                0x0000000008003794                HAL_RCC_GetPCLK2Freq
 .text.RCC_SetFlashLatencyFromMSIRange
                0x00000000080037c0       0xc0 CMakeFiles/intellikeeper_base.elf.dir/Drivers/STM32L4xx_HAL_Driver/Src/stm32l4xx_hal_rcc.c.obj
 .text.HAL_RCCEx_PeriphCLKConfig
                0x0000000008003880      0x430 CMakeFiles/intellikeeper_base.elf.dir/Drivers/STM32L4xx_HAL_Driver/Src/stm32l4xx_hal_rcc_ex.c.obj
                0x0000000008003880                HAL_RCCEx_PeriphCLKConfig
 .text.RCCEx_PLLSAI1_Config
                0x0000000008003cb0      0x1e4 CMakeFiles/intellikeeper_base.elf.dir/Drivers/STM32L4xx_HAL_Driver/Src/stm32l4xx_hal_rcc_ex.c.obj
 .text.HAL_SPI_Init
                0x0000000008003e94      0x114 CMakeFiles/intellikeeper_base.elf.dir/Drivers/STM32L4xx_HAL_Driver/Src/stm32l4xx_hal_spi.c.obj
                0x0000000008003e94                HAL_SPI_Init
 .text.HAL_SPI_Transmit
                0x0000000008003fa8      0x2cc CMakeFiles/intellikeeper_base.elf.dir/Drivers/STM32L4xx_HAL_Driver/Src/stm32l4xx_hal_spi.c.obj
                0x0000000008003fa8                HAL_SPI_Transmit
 .text.SPI_WaitFlagStateUntilTimeout
                0x0000000008004274       0xd4 CMakeFiles/intellikeeper_base.elf.dir/Drivers/STM32L4xx_HAL_Driver/Src/stm32l4xx_hal_spi.c.obj
 .text.SPI_WaitFifoStateUntilTimeout
                0x0000000008004348       0xda CMakeFiles/intellikeeper_base.elf.dir/Drivers/STM32L4xx_HAL_Driver/Src/stm32l4xx_hal_spi.c.obj
 .text.SPI_EndRxTxTransaction
                0x0000000008004422       0x8c CMakeFiles/intellikeeper_base.elf.dir/Drivers/STM32L4xx_HAL_Driver/Src/stm32l4xx_hal_spi.c.obj
 .text.HAL_TIM_Base_Init
                0x00000000080044ae       0x56 CMakeFiles/intellikeeper_base.elf.dir/Drivers/STM32L4xx_HAL_Driver/Src/stm32l4xx_hal_tim.c.obj
                0x00000000080044ae                HAL_TIM_Base_Init
 .text.HAL_TIM_Base_Start_IT
                0x0000000008004504       0x54 CMakeFiles/intellikeeper_base.elf.dir/Drivers/STM32L4xx_HAL_Driver/Src/stm32l4xx_hal_tim.c.obj
                0x0000000008004504                HAL_TIM_Base_Start_IT
 .text.HAL_TIM_Base_Stop_IT
                0x0000000008004558       0x54 CMakeFiles/intellikeeper_base.elf.dir/Drivers/STM32L4xx_HAL_Driver/Src/stm32l4xx_hal_tim.c.obj
                0x0000000008004558                HAL_TIM_Base_Stop_IT
 .text.HAL_TIM_IRQHandler
                0x00000000080045ac      0x23e CMakeFiles/intellikeeper_base.elf.dir/Drivers/STM32L4xx_HAL_Driver/Src/stm32l4xx_hal_tim.c.obj
                0x00000000080045ac                HAL_TIM_IRQHandler
 .text.HAL_TIM_ConfigClockSource
                0x00000000080047ea      0x18c CMakeFiles/intellikeeper_base.elf.dir/Drivers/STM32L4xx_HAL_Driver/Src/stm32l4xx_hal_tim.c.obj
                0x00000000080047ea                HAL_TIM_ConfigClockSource
 .text.HAL_TIM_OC_DelayElapsedCallback
                0x0000000008004976       0x12 CMakeFiles/intellikeeper_base.elf.dir/Drivers/STM32L4xx_HAL_Driver/Src/stm32l4xx_hal_tim.c.obj
                0x0000000008004976                HAL_TIM_OC_DelayElapsedCallback
 .text.HAL_TIM_IC_CaptureCallback
                0x0000000008004988       0x12 CMakeFiles/intellikeeper_base.elf.dir/Drivers/STM32L4xx_HAL_Driver/Src/stm32l4xx_hal_tim.c.obj
                0x0000000008004988                HAL_TIM_IC_CaptureCallback
 .text.HAL_TIM_PWM_PulseFinishedCallback
                0x000000000800499a       0x12 CMakeFiles/intellikeeper_base.elf.dir/Drivers/STM32L4xx_HAL_Driver/Src/stm32l4xx_hal_tim.c.obj
                0x000000000800499a                HAL_TIM_PWM_PulseFinishedCallback
 .text.HAL_TIM_TriggerCallback
                0x00000000080049ac       0x12 CMakeFiles/intellikeeper_base.elf.dir/Drivers/STM32L4xx_HAL_Driver/Src/stm32l4xx_hal_tim.c.obj
                0x00000000080049ac                HAL_TIM_TriggerCallback
 *fill*         0x00000000080049be        0x2 
 .text.TIM_Base_SetConfig
                0x00000000080049c0       0xc4 CMakeFiles/intellikeeper_base.elf.dir/Drivers/STM32L4xx_HAL_Driver/Src/stm32l4xx_hal_tim.c.obj
                0x00000000080049c0                TIM_Base_SetConfig
 .text.TIM_TI1_ConfigInputStage
                0x0000000008004a84       0x5c CMakeFiles/intellikeeper_base.elf.dir/Drivers/STM32L4xx_HAL_Driver/Src/stm32l4xx_hal_tim.c.obj
 .text.TIM_TI2_ConfigInputStage
                0x0000000008004ae0       0x5e CMakeFiles/intellikeeper_base.elf.dir/Drivers/STM32L4xx_HAL_Driver/Src/stm32l4xx_hal_tim.c.obj
 .text.TIM_ITRx_SetConfig
                0x0000000008004b3e       0x34 CMakeFiles/intellikeeper_base.elf.dir/Drivers/STM32L4xx_HAL_Driver/Src/stm32l4xx_hal_tim.c.obj
 .text.TIM_ETR_SetConfig
                0x0000000008004b72       0x3e CMakeFiles/intellikeeper_base.elf.dir/Drivers/STM32L4xx_HAL_Driver/Src/stm32l4xx_hal_tim.c.obj
                0x0000000008004b72                TIM_ETR_SetConfig
 .text.HAL_TIMEx_MasterConfigSynchronization
                0x0000000008004bb0       0xcc CMakeFiles/intellikeeper_base.elf.dir/Drivers/STM32L4xx_HAL_Driver/Src/stm32l4xx_hal_tim_ex.c.obj
                0x0000000008004bb0                HAL_TIMEx_MasterConfigSynchronization
 .text.HAL_TIMEx_CommutCallback
                0x0000000008004c7c       0x12 CMakeFiles/intellikeeper_base.elf.dir/Drivers/STM32L4xx_HAL_Driver/Src/stm32l4xx_hal_tim_ex.c.obj
                0x0000000008004c7c                HAL_TIMEx_CommutCallback
 .text.HAL_TIMEx_BreakCallback
                0x0000000008004c8e       0x12 CMakeFiles/intellikeeper_base.elf.dir/Drivers/STM32L4xx_HAL_Driver/Src/stm32l4xx_hal_tim_ex.c.obj
                0x0000000008004c8e                HAL_TIMEx_BreakCallback
 .text.HAL_TIMEx_Break2Callback
                0x0000000008004ca0       0x12 CMakeFiles/intellikeeper_base.elf.dir/Drivers/STM32L4xx_HAL_Driver/Src/stm32l4xx_hal_tim_ex.c.obj
                0x0000000008004ca0                HAL_TIMEx_Break2Callback
 .text.HAL_UART_Init
                0x0000000008004cb2       0x9c CMakeFiles/intellikeeper_base.elf.dir/Drivers/STM32L4xx_HAL_Driver/Src/stm32l4xx_hal_uart.c.obj
                0x0000000008004cb2                HAL_UART_Init
 .text.HAL_UART_Transmit
                0x0000000008004d4e      0x126 CMakeFiles/intellikeeper_base.elf.dir/Drivers/STM32L4xx_HAL_Driver/Src/stm32l4xx_hal_uart.c.obj
                0x0000000008004d4e                HAL_UART_Transmit
 .text.HAL_UART_IRQHandler
                0x0000000008004e74      0x288 CMakeFiles/intellikeeper_base.elf.dir/Drivers/STM32L4xx_HAL_Driver/Src/stm32l4xx_hal_uart.c.obj
                0x0000000008004e74                HAL_UART_IRQHandler
 .text.HAL_UART_TxCpltCallback
                0x00000000080050fc       0x12 CMakeFiles/intellikeeper_base.elf.dir/Drivers/STM32L4xx_HAL_Driver/Src/stm32l4xx_hal_uart.c.obj
                0x00000000080050fc                HAL_UART_TxCpltCallback
 *fill*         0x000000000800510e        0x2 
 .text.UART_SetConfig
                0x0000000008005110      0x648 CMakeFiles/intellikeeper_base.elf.dir/Drivers/STM32L4xx_HAL_Driver/Src/stm32l4xx_hal_uart.c.obj
                0x0000000008005110                UART_SetConfig
 .text.UART_AdvFeatureConfig
                0x0000000008005758      0x142 CMakeFiles/intellikeeper_base.elf.dir/Drivers/STM32L4xx_HAL_Driver/Src/stm32l4xx_hal_uart.c.obj
                0x0000000008005758                UART_AdvFeatureConfig
 .text.UART_CheckIdleState
                0x000000000800589a       0x8a CMakeFiles/intellikeeper_base.elf.dir/Drivers/STM32L4xx_HAL_Driver/Src/stm32l4xx_hal_uart.c.obj
                0x000000000800589a                UART_CheckIdleState
 .text.UART_WaitOnFlagUntilTimeout
                0x0000000008005924       0xf6 CMakeFiles/intellikeeper_base.elf.dir/Drivers/STM32L4xx_HAL_Driver/Src/stm32l4xx_hal_uart.c.obj
                0x0000000008005924                UART_WaitOnFlagUntilTimeout
 .text.UART_EndRxTransfer
                0x0000000008005a1a       0x3e CMakeFiles/intellikeeper_base.elf.dir/Drivers/STM32L4xx_HAL_Driver/Src/stm32l4xx_hal_uart.c.obj
 .text.UART_DMAAbortOnError
                0x0000000008005a58       0x2c CMakeFiles/intellikeeper_base.elf.dir/Drivers/STM32L4xx_HAL_Driver/Src/stm32l4xx_hal_uart.c.obj
 .text.UART_EndTransmit_IT
                0x0000000008005a84       0x32 CMakeFiles/intellikeeper_base.elf.dir/Drivers/STM32L4xx_HAL_Driver/Src/stm32l4xx_hal_uart.c.obj
 .text.HAL_UARTEx_WakeupCallback
                0x0000000008005ab6       0x12 CMakeFiles/intellikeeper_base.elf.dir/Drivers/STM32L4xx_HAL_Driver/Src/stm32l4xx_hal_uart_ex.c.obj
                0x0000000008005ab6                HAL_UARTEx_WakeupCallback
 .text.Lcd_Printf
                0x0000000008005ac8       0x34 CMakeFiles/intellikeeper_base.elf.dir/Drivers/StreamIO/stream_io.c.obj
                0x0000000008005ac8                Lcd_Printf
 .text.RingBuffer_Push
                0x0000000008005afc       0x60 CMakeFiles/intellikeeper_base.elf.dir/Drivers/Wifi/wifi.c.obj
 .text.RingBuffer_Empty
                0x0000000008005b5c       0x4c CMakeFiles/intellikeeper_base.elf.dir/Drivers/Wifi/wifi.c.obj
 .text.RingBuffer_Pop
                0x0000000008005ba8       0x5c CMakeFiles/intellikeeper_base.elf.dir/Drivers/Wifi/wifi.c.obj
 .text.RingBuffer_Clear
                0x0000000008005c04       0x40 CMakeFiles/intellikeeper_base.elf.dir/Drivers/Wifi/wifi.c.obj
 .text.RingBuffer_Print
                0x0000000008005c44       0x78 CMakeFiles/intellikeeper_base.elf.dir/Drivers/Wifi/wifi.c.obj
 .text.Wifi_Receive_Time
                0x0000000008005cbc       0x9c CMakeFiles/intellikeeper_base.elf.dir/Drivers/Wifi/wifi.c.obj
                0x0000000008005cbc                Wifi_Receive_Time
 .text.Wifi_UART_IRQ
                0x0000000008005d58       0xac CMakeFiles/intellikeeper_base.elf.dir/Drivers/Wifi/wifi.c.obj
                0x0000000008005d58                Wifi_UART_IRQ
 .text.Wifi_AT_Async
                0x0000000008005e04       0x60 CMakeFiles/intellikeeper_base.elf.dir/Drivers/Wifi/wifi.c.obj
 .text.Expect_From
                0x0000000008005e64       0xc4 CMakeFiles/intellikeeper_base.elf.dir/Drivers/Wifi/wifi.c.obj
 .text.Expect   0x0000000008005f28       0x1a CMakeFiles/intellikeeper_base.elf.dir/Drivers/Wifi/wifi.c.obj
 *fill*         0x0000000008005f42        0x2 
 .text.Action_SayHello
                0x0000000008005f44       0x40 CMakeFiles/intellikeeper_base.elf.dir/Drivers/Wifi/wifi.c.obj
                0x0000000008005f44                Action_SayHello
 .text.Action_EnterAP
                0x0000000008005f84       0x38 CMakeFiles/intellikeeper_base.elf.dir/Drivers/Wifi/wifi.c.obj
                0x0000000008005f84                Action_EnterAP
 .text.Action_Connect
                0x0000000008005fbc       0x88 CMakeFiles/intellikeeper_base.elf.dir/Drivers/Wifi/wifi.c.obj
                0x0000000008005fbc                Action_Connect
 .text.Action_Reset
                0x0000000008006044       0x48 CMakeFiles/intellikeeper_base.elf.dir/Drivers/Wifi/wifi.c.obj
                0x0000000008006044                Action_Reset
 .text.Action_AP_Config
                0x000000000800608c       0xa0 CMakeFiles/intellikeeper_base.elf.dir/Drivers/Wifi/wifi.c.obj
                0x000000000800608c                Action_AP_Config
 .text.Action_AP_CreateServer
                0x000000000800612c       0x90 CMakeFiles/intellikeeper_base.elf.dir/Drivers/Wifi/wifi.c.obj
                0x000000000800612c                Action_AP_CreateServer
 .text.Action_AP_EnterRequestLoop
                0x00000000080061bc       0x70 CMakeFiles/intellikeeper_base.elf.dir/Drivers/Wifi/wifi.c.obj
                0x00000000080061bc                Action_AP_EnterRequestLoop
 .text.Action_AP_MakeResponse
                0x000000000800622c      0x248 CMakeFiles/intellikeeper_base.elf.dir/Drivers/Wifi/wifi.c.obj
                0x000000000800622c                Action_AP_MakeResponse
 .text.Action_AP_MakeConnection
                0x0000000008006474      0x4f8 CMakeFiles/intellikeeper_base.elf.dir/Drivers/Wifi/wifi.c.obj
                0x0000000008006474                Action_AP_MakeConnection
 .text.Action_AP_Leave
                0x000000000800696c       0x38 CMakeFiles/intellikeeper_base.elf.dir/Drivers/Wifi/wifi.c.obj
                0x000000000800696c                Action_AP_Leave
 .text.Action_AP_Reset
                0x00000000080069a4       0x68 CMakeFiles/intellikeeper_base.elf.dir/Drivers/Wifi/wifi.c.obj
                0x00000000080069a4                Action_AP_Reset
 .text.Wifi_Start
                0x0000000008006a0c       0xa8 CMakeFiles/intellikeeper_base.elf.dir/Drivers/Wifi/wifi.c.obj
                0x0000000008006a0c                Wifi_Start
 .text.Wifi_TCP_Connect
                0x0000000008006ab4      0x14c CMakeFiles/intellikeeper_base.elf.dir/Drivers/Wifi/wifi.c.obj
                0x0000000008006ab4                Wifi_TCP_Connect
 .text.Wifi_TCP_Send
                0x0000000008006c00       0x3c CMakeFiles/intellikeeper_base.elf.dir/Drivers/Wifi/wifi.c.obj
                0x0000000008006c00                Wifi_TCP_Send
 .text.Wifi_TCP_Receive
                0x0000000008006c3c       0x8c CMakeFiles/intellikeeper_base.elf.dir/Drivers/Wifi/wifi.c.obj
                0x0000000008006c3c                Wifi_TCP_Receive
 .text.Address_Mapping_Insert_Tag
                0x0000000008006cc8      0x140 CMakeFiles/intellikeeper_base.elf.dir/Drivers/Zigbee/zigbee.c.obj
 .text.Address_Mapping_Insert_Reader
                0x0000000008006e08      0x118 CMakeFiles/intellikeeper_base.elf.dir/Drivers/Zigbee/zigbee.c.obj
 .text.Address_Mapping_Get_Reader_Rid
                0x0000000008006f20       0x7c CMakeFiles/intellikeeper_base.elf.dir/Drivers/Zigbee/zigbee.c.obj
 .text.Address_Mapping_Get_Tag_Tid
                0x0000000008006f9c       0x74 CMakeFiles/intellikeeper_base.elf.dir/Drivers/Zigbee/zigbee.c.obj
 .text.Address_Mapping_Get_Tag_Addr
                0x0000000008007010       0x68 CMakeFiles/intellikeeper_base.elf.dir/Drivers/Zigbee/zigbee.c.obj
 .text.Address_Mapping_Update
                0x0000000008007078      0x114 CMakeFiles/intellikeeper_base.elf.dir/Drivers/Zigbee/zigbee.c.obj
 .text.Zigbee_Handle
                0x000000000800718c      0x168 CMakeFiles/intellikeeper_base.elf.dir/Drivers/Zigbee/zigbee.c.obj
 .text.Zigbee_UART_IRQ
                0x00000000080072f4       0xd0 CMakeFiles/intellikeeper_base.elf.dir/Drivers/Zigbee/zigbee.c.obj
                0x00000000080072f4                Zigbee_UART_IRQ
 .text.Zigbee_Init
                0x00000000080073c4       0x40 CMakeFiles/intellikeeper_base.elf.dir/Drivers/Zigbee/zigbee.c.obj
                0x00000000080073c4                Zigbee_Init
 .text.Zigbee_Enable_Listen
                0x0000000008007404       0x58 CMakeFiles/intellikeeper_base.elf.dir/Drivers/Zigbee/zigbee.c.obj
                0x0000000008007404                Zigbee_Enable_Listen
 .text.Zigbee_Listen
                0x000000000800745c      0x1e4 CMakeFiles/intellikeeper_base.elf.dir/Drivers/Zigbee/zigbee.c.obj
                0x000000000800745c                Zigbee_Listen
 .text.Zigbee_SendData
                0x0000000008007640       0x40 CMakeFiles/intellikeeper_base.elf.dir/Drivers/Zigbee/zigbee.c.obj
                0x0000000008007640                Zigbee_SendData
 .text.Zigbee_Transmit
                0x0000000008007680       0x5c CMakeFiles/intellikeeper_base.elf.dir/Drivers/Zigbee/zigbee.c.obj
                0x0000000008007680                Zigbee_Transmit
 .text.Zigbee_Ping
                0x00000000080076dc       0x1c CMakeFiles/intellikeeper_base.elf.dir/Drivers/Zigbee/zigbee.c.obj
                0x00000000080076dc                Zigbee_Ping
 .text.Zigbee_Sensor_Update
                0x00000000080076f8       0x70 CMakeFiles/intellikeeper_base.elf.dir/Drivers/Zigbee/zigbee.c.obj
                0x00000000080076f8                Zigbee_Sensor_Update
 .text.MX_GPIO_Init
                0x0000000008007768      0x130 CMakeFiles/intellikeeper_base.elf.dir/Src/gpio.c.obj
                0x0000000008007768                MX_GPIO_Init
 .text.HAL_GPIO_EXTI_Callback
                0x0000000008007898       0x2e CMakeFiles/intellikeeper_base.elf.dir/Src/gpio.c.obj
                0x0000000008007898                HAL_GPIO_EXTI_Callback
 *fill*         0x00000000080078c6        0x2 
 .text.MX_I2C1_Init
                0x00000000080078c8       0x80 CMakeFiles/intellikeeper_base.elf.dir/Src/i2c.c.obj
                0x00000000080078c8                MX_I2C1_Init
 .text.HAL_I2C_MspInit
                0x0000000008007948       0x88 CMakeFiles/intellikeeper_base.elf.dir/Src/i2c.c.obj
                0x0000000008007948                HAL_I2C_MspInit
 .text.main     0x00000000080079d0       0x7c CMakeFiles/intellikeeper_base.elf.dir/Src/main.c.obj
                0x00000000080079d0                main
 .text.SystemClock_Config
                0x0000000008007a4c       0xe2 CMakeFiles/intellikeeper_base.elf.dir/Src/main.c.obj
                0x0000000008007a4c                SystemClock_Config
 *fill*         0x0000000008007b2e        0x2 
 .text.Error_Handler
                0x0000000008007b30       0x14 CMakeFiles/intellikeeper_base.elf.dir/Src/main.c.obj
                0x0000000008007b30                Error_Handler
 .text.MX_SPI2_Init
                0x0000000008007b44       0x7c CMakeFiles/intellikeeper_base.elf.dir/Src/spi.c.obj
                0x0000000008007b44                MX_SPI2_Init
 .text.HAL_SPI_MspInit
                0x0000000008007bc0       0xc4 CMakeFiles/intellikeeper_base.elf.dir/Src/spi.c.obj
                0x0000000008007bc0                HAL_SPI_MspInit
 .text.HAL_MspInit
                0x0000000008007c84       0x44 CMakeFiles/intellikeeper_base.elf.dir/Src/stm32l4xx_hal_msp.c.obj
                0x0000000008007c84                HAL_MspInit
 .text.NMI_Handler
                0x0000000008007cc8        0xc CMakeFiles/intellikeeper_base.elf.dir/Src/stm32l4xx_it.c.obj
                0x0000000008007cc8                NMI_Handler
 .text.HardFault_Handler
                0x0000000008007cd4       0x10 CMakeFiles/intellikeeper_base.elf.dir/Src/stm32l4xx_it.c.obj
                0x0000000008007cd4                HardFault_Handler
 .text.MemManage_Handler
                0x0000000008007ce4       0x10 CMakeFiles/intellikeeper_base.elf.dir/Src/stm32l4xx_it.c.obj
                0x0000000008007ce4                MemManage_Handler
 .text.BusFault_Handler
                0x0000000008007cf4       0x10 CMakeFiles/intellikeeper_base.elf.dir/Src/stm32l4xx_it.c.obj
                0x0000000008007cf4                BusFault_Handler
 .text.UsageFault_Handler
                0x0000000008007d04        0x6 CMakeFiles/intellikeeper_base.elf.dir/Src/stm32l4xx_it.c.obj
                0x0000000008007d04                UsageFault_Handler
 .text.SVC_Handler
                0x0000000008007d0a        0xc CMakeFiles/intellikeeper_base.elf.dir/Src/stm32l4xx_it.c.obj
                0x0000000008007d0a                SVC_Handler
 .text.DebugMon_Handler
                0x0000000008007d16        0xc CMakeFiles/intellikeeper_base.elf.dir/Src/stm32l4xx_it.c.obj
                0x0000000008007d16                DebugMon_Handler
 .text.PendSV_Handler
                0x0000000008007d22        0xc CMakeFiles/intellikeeper_base.elf.dir/Src/stm32l4xx_it.c.obj
                0x0000000008007d22                PendSV_Handler
 .text.SysTick_Handler
                0x0000000008007d2e        0xc CMakeFiles/intellikeeper_base.elf.dir/Src/stm32l4xx_it.c.obj
                0x0000000008007d2e                SysTick_Handler
 .text.EXTI2_IRQHandler
                0x0000000008007d3a        0xe CMakeFiles/intellikeeper_base.elf.dir/Src/stm32l4xx_it.c.obj
                0x0000000008007d3a                EXTI2_IRQHandler
 .text.EXTI3_IRQHandler
                0x0000000008007d48        0xe CMakeFiles/intellikeeper_base.elf.dir/Src/stm32l4xx_it.c.obj
                0x0000000008007d48                EXTI3_IRQHandler
 *fill*         0x0000000008007d56        0x2 
 .text.TIM1_BRK_TIM15_IRQHandler
                0x0000000008007d58       0x14 CMakeFiles/intellikeeper_base.elf.dir/Src/stm32l4xx_it.c.obj
                0x0000000008007d58                TIM1_BRK_TIM15_IRQHandler
 .text.USART3_IRQHandler
                0x0000000008007d6c       0x18 CMakeFiles/intellikeeper_base.elf.dir/Src/stm32l4xx_it.c.obj
                0x0000000008007d6c                USART3_IRQHandler
 .text.TIM6_DAC_IRQHandler
                0x0000000008007d84       0x14 CMakeFiles/intellikeeper_base.elf.dir/Src/stm32l4xx_it.c.obj
                0x0000000008007d84                TIM6_DAC_IRQHandler
 .text.LPUART1_IRQHandler
                0x0000000008007d98       0x18 CMakeFiles/intellikeeper_base.elf.dir/Src/stm32l4xx_it.c.obj
                0x0000000008007d98                LPUART1_IRQHandler
 .text._sbrk    0x0000000008007db0       0x58 CMakeFiles/intellikeeper_base.elf.dir/Src/syscalls.c.obj
                0x0000000008007db0                _sbrk
 .text.SystemInit
                0x0000000008007e08       0x58 CMakeFiles/intellikeeper_base.elf.dir/Src/system_stm32l4xx.c.obj
                0x0000000008007e08                SystemInit
 .text.MX_TIM6_Init
                0x0000000008007e60       0x6c CMakeFiles/intellikeeper_base.elf.dir/Src/tim.c.obj
                0x0000000008007e60                MX_TIM6_Init
 .text.MX_TIM15_Init
                0x0000000008007ecc       0xa4 CMakeFiles/intellikeeper_base.elf.dir/Src/tim.c.obj
                0x0000000008007ecc                MX_TIM15_Init
 .text.HAL_TIM_Base_MspInit
                0x0000000008007f70       0x84 CMakeFiles/intellikeeper_base.elf.dir/Src/tim.c.obj
                0x0000000008007f70                HAL_TIM_Base_MspInit
 .text.HAL_TIM_PeriodElapsedCallback
                0x0000000008007ff4       0x3c CMakeFiles/intellikeeper_base.elf.dir/Src/tim.c.obj
                0x0000000008007ff4                HAL_TIM_PeriodElapsedCallback
 .text.MX_LPUART1_UART_Init
                0x0000000008008030       0x5c CMakeFiles/intellikeeper_base.elf.dir/Src/usart.c.obj
                0x0000000008008030                MX_LPUART1_UART_Init
 .text.MX_USART1_UART_Init
                0x000000000800808c       0x60 CMakeFiles/intellikeeper_base.elf.dir/Src/usart.c.obj
                0x000000000800808c                MX_USART1_UART_Init
 .text.MX_USART3_UART_Init
                0x00000000080080ec       0x60 CMakeFiles/intellikeeper_base.elf.dir/Src/usart.c.obj
                0x00000000080080ec                MX_USART3_UART_Init
 .text.HAL_UART_MspInit
                0x000000000800814c      0x200 CMakeFiles/intellikeeper_base.elf.dir/Src/usart.c.obj
                0x000000000800814c                HAL_UART_MspInit
 .text.HAL_UART_ErrorCallback
                0x000000000800834c       0x1c CMakeFiles/intellikeeper_base.elf.dir/Src/usart.c.obj
                0x000000000800834c                HAL_UART_ErrorCallback
 .text.Reset_Handler
                0x0000000008008368       0x50 CMakeFiles/intellikeeper_base.elf.dir/startup/startup_stm32l431xx.s.obj
                0x0000000008008368                Reset_Handler
 .text.Default_Handler
                0x00000000080083b8        0x2 CMakeFiles/intellikeeper_base.elf.dir/startup/startup_stm32l431xx.s.obj
                0x00000000080083b8                DMA2_Channel3_IRQHandler
                0x00000000080083b8                TIM1_CC_IRQHandler
                0x00000000080083b8                TSC_IRQHandler
                0x00000000080083b8                TAMP_STAMP_IRQHandler
                0x00000000080083b8                LPTIM2_IRQHandler
                0x00000000080083b8                I2C3_ER_IRQHandler
                0x00000000080083b8                EXTI0_IRQHandler
                0x00000000080083b8                I2C2_EV_IRQHandler
                0x00000000080083b8                CAN1_RX0_IRQHandler
                0x00000000080083b8                FPU_IRQHandler
                0x00000000080083b8                TIM1_UP_TIM16_IRQHandler
                0x00000000080083b8                SPI1_IRQHandler
                0x00000000080083b8                DMA2_Channel2_IRQHandler
                0x00000000080083b8                DMA1_Channel4_IRQHandler
                0x00000000080083b8                ADC1_IRQHandler
                0x00000000080083b8                DMA1_Channel7_IRQHandler
                0x00000000080083b8                CAN1_RX1_IRQHandler
                0x00000000080083b8                DMA2_Channel1_IRQHandler
                0x00000000080083b8                QUADSPI_IRQHandler
                0x00000000080083b8                I2C1_EV_IRQHandler
                0x00000000080083b8                DMA1_Channel6_IRQHandler
                0x00000000080083b8                DMA2_Channel4_IRQHandler
                0x00000000080083b8                RCC_IRQHandler
                0x00000000080083b8                TIM1_TRG_COM_IRQHandler
                0x00000000080083b8                DMA1_Channel1_IRQHandler
                0x00000000080083b8                Default_Handler
                0x00000000080083b8                DMA2_Channel7_IRQHandler
                0x00000000080083b8                EXTI15_10_IRQHandler
                0x00000000080083b8                TIM7_IRQHandler
                0x00000000080083b8                SDMMC1_IRQHandler
                0x00000000080083b8                I2C3_EV_IRQHandler
                0x00000000080083b8                EXTI9_5_IRQHandler
                0x00000000080083b8                RTC_WKUP_IRQHandler
                0x00000000080083b8                PVD_PVM_IRQHandler
                0x00000000080083b8                SPI2_IRQHandler
                0x00000000080083b8                CAN1_TX_IRQHandler
                0x00000000080083b8                DMA2_Channel5_IRQHandler
                0x00000000080083b8                CRS_IRQHandler
                0x00000000080083b8                DMA1_Channel5_IRQHandler
                0x00000000080083b8                EXTI4_IRQHandler
                0x00000000080083b8                RNG_IRQHandler
                0x00000000080083b8                DMA1_Channel3_IRQHandler
                0x00000000080083b8                COMP_IRQHandler
                0x00000000080083b8                WWDG_IRQHandler
                0x00000000080083b8                DMA2_Channel6_IRQHandler
                0x00000000080083b8                TIM2_IRQHandler
                0x00000000080083b8                EXTI1_IRQHandler
                0x00000000080083b8                USART2_IRQHandler
                0x00000000080083b8                I2C2_ER_IRQHandler
                0x00000000080083b8                DMA1_Channel2_IRQHandler
                0x00000000080083b8                CAN1_SCE_IRQHandler
                0x00000000080083b8                FLASH_IRQHandler
                0x00000000080083b8                USART1_IRQHandler
                0x00000000080083b8                SPI3_IRQHandler
                0x00000000080083b8                I2C1_ER_IRQHandler
                0x00000000080083b8                SWPMI1_IRQHandler
                0x00000000080083b8                LPTIM1_IRQHandler
                0x00000000080083b8                SAI1_IRQHandler
                0x00000000080083b8                RTC_Alarm_IRQHandler
 *fill*         0x00000000080083ba        0x2 
 .text.__errno  0x00000000080083bc        0xc /Users/zeroisone/Downloads/gcc-arm-none-eabi-9-2019-q4-major/bin/../lib/gcc/arm-none-eabi/9.2.1/../../../../arm-none-eabi/lib/thumb/v7e-m/nofp/libg_nano.a(lib_a-errno.o)
                0x00000000080083bc                __errno
 .text.__libc_init_array
                0x00000000080083c8       0x48 /Users/zeroisone/Downloads/gcc-arm-none-eabi-9-2019-q4-major/bin/../lib/gcc/arm-none-eabi/9.2.1/../../../../arm-none-eabi/lib/thumb/v7e-m/nofp/libg_nano.a(lib_a-init.o)
                0x00000000080083c8                __libc_init_array
 .text.memcpy   0x0000000008008410       0x1c /Users/zeroisone/Downloads/gcc-arm-none-eabi-9-2019-q4-major/bin/../lib/gcc/arm-none-eabi/9.2.1/../../../../arm-none-eabi/lib/thumb/v7e-m/nofp/libg_nano.a(lib_a-memcpy-stub.o)
                0x0000000008008410                memcpy
 .text.memset   0x000000000800842c       0x10 /Users/zeroisone/Downloads/gcc-arm-none-eabi-9-2019-q4-major/bin/../lib/gcc/arm-none-eabi/9.2.1/../../../../arm-none-eabi/lib/thumb/v7e-m/nofp/libg_nano.a(lib_a-memset.o)
                0x000000000800842c                memset
 .text.snprintf
                0x000000000800843c       0x68 /Users/zeroisone/Downloads/gcc-arm-none-eabi-9-2019-q4-major/bin/../lib/gcc/arm-none-eabi/9.2.1/../../../../arm-none-eabi/lib/thumb/v7e-m/nofp/libg_nano.a(lib_a-snprintf.o)
                0x000000000800843c                snprintf
                0x000000000800843c                sniprintf
 .text._vsnprintf_r
                0x00000000080084a4       0x58 /Users/zeroisone/Downloads/gcc-arm-none-eabi-9-2019-q4-major/bin/../lib/gcc/arm-none-eabi/9.2.1/../../../../arm-none-eabi/lib/thumb/v7e-m/nofp/libg_nano.a(lib_a-vsnprintf.o)
                0x00000000080084a4                _vsnprintf_r
                0x00000000080084a4                _vsniprintf_r
 .text.vsnprintf
                0x00000000080084fc       0x1c /Users/zeroisone/Downloads/gcc-arm-none-eabi-9-2019-q4-major/bin/../lib/gcc/arm-none-eabi/9.2.1/../../../../arm-none-eabi/lib/thumb/v7e-m/nofp/libg_nano.a(lib_a-vsnprintf.o)
                0x00000000080084fc                vsnprintf
                0x00000000080084fc                vsniprintf
 .text.__ssputs_r
                0x0000000008008518       0xb6 /Users/zeroisone/Downloads/gcc-arm-none-eabi-9-2019-q4-major/bin/../lib/gcc/arm-none-eabi/9.2.1/../../../../arm-none-eabi/lib/thumb/v7e-m/nofp/libg_nano.a(lib_a-nano-svfprintf.o)
                0x0000000008008518                __ssputs_r
 *fill*         0x00000000080085ce        0x2 
 .text._svfprintf_r
                0x00000000080085d0      0x200 /Users/zeroisone/Downloads/gcc-arm-none-eabi-9-2019-q4-major/bin/../lib/gcc/arm-none-eabi/9.2.1/../../../../arm-none-eabi/lib/thumb/v7e-m/nofp/libg_nano.a(lib_a-nano-svfprintf.o)
                0x00000000080085d0                _svfprintf_r
                0x00000000080085d0                _svfiprintf_r
 .text._printf_common
                0x00000000080087d0       0xda /Users/zeroisone/Downloads/gcc-arm-none-eabi-9-2019-q4-major/bin/../lib/gcc/arm-none-eabi/9.2.1/../../../../arm-none-eabi/lib/thumb/v7e-m/nofp/libg_nano.a(lib_a-nano-vfprintf_i.o)
                0x00000000080087d0                _printf_common
 *fill*         0x00000000080088aa        0x2 
 .text._printf_i
                0x00000000080088ac      0x24c /Users/zeroisone/Downloads/gcc-arm-none-eabi-9-2019-q4-major/bin/../lib/gcc/arm-none-eabi/9.2.1/../../../../arm-none-eabi/lib/thumb/v7e-m/nofp/libg_nano.a(lib_a-nano-vfprintf_i.o)
                0x00000000080088ac                _printf_i
 .text.memmove  0x0000000008008af8       0x34 /Users/zeroisone/Downloads/gcc-arm-none-eabi-9-2019-q4-major/bin/../lib/gcc/arm-none-eabi/9.2.1/../../../../arm-none-eabi/lib/thumb/v7e-m/nofp/libg_nano.a(lib_a-memmove.o)
                0x0000000008008af8                memmove
 .text._free_r  0x0000000008008b2c       0x9c /Users/zeroisone/Downloads/gcc-arm-none-eabi-9-2019-q4-major/bin/../lib/gcc/arm-none-eabi/9.2.1/../../../../arm-none-eabi/lib/thumb/v7e-m/nofp/libg_nano.a(lib_a-nano-freer.o)
                0x0000000008008b2c                _free_r
 .text._malloc_r
                0x0000000008008bc8       0xb4 /Users/zeroisone/Downloads/gcc-arm-none-eabi-9-2019-q4-major/bin/../lib/gcc/arm-none-eabi/9.2.1/../../../../arm-none-eabi/lib/thumb/v7e-m/nofp/libg_nano.a(lib_a-nano-mallocr.o)
                0x0000000008008bc8                _malloc_r
 .text._realloc_r
                0x0000000008008c7c       0x4c /Users/zeroisone/Downloads/gcc-arm-none-eabi-9-2019-q4-major/bin/../lib/gcc/arm-none-eabi/9.2.1/../../../../arm-none-eabi/lib/thumb/v7e-m/nofp/libg_nano.a(lib_a-nano-reallocr.o)
                0x0000000008008c7c                _realloc_r
 .text._sbrk_r  0x0000000008008cc8       0x20 /Users/zeroisone/Downloads/gcc-arm-none-eabi-9-2019-q4-major/bin/../lib/gcc/arm-none-eabi/9.2.1/../../../../arm-none-eabi/lib/thumb/v7e-m/nofp/libg_nano.a(lib_a-sbrkr.o)
                0x0000000008008cc8                _sbrk_r
 .text.__malloc_lock
                0x0000000008008ce8        0xc /Users/zeroisone/Downloads/gcc-arm-none-eabi-9-2019-q4-major/bin/../lib/gcc/arm-none-eabi/9.2.1/../../../../arm-none-eabi/lib/thumb/v7e-m/nofp/libg_nano.a(lib_a-mlock.o)
                0x0000000008008ce8                __malloc_lock
 .text.__malloc_unlock
                0x0000000008008cf4        0xc /Users/zeroisone/Downloads/gcc-arm-none-eabi-9-2019-q4-major/bin/../lib/gcc/arm-none-eabi/9.2.1/../../../../arm-none-eabi/lib/thumb/v7e-m/nofp/libg_nano.a(lib_a-mlock.o)
                0x0000000008008cf4                __malloc_unlock
 .text._malloc_usable_size_r
                0x0000000008008d00       0x10 /Users/zeroisone/Downloads/gcc-arm-none-eabi-9-2019-q4-major/bin/../lib/gcc/arm-none-eabi/9.2.1/../../../../arm-none-eabi/lib/thumb/v7e-m/nofp/libg_nano.a(lib_a-nano-msizer.o)
                0x0000000008008d00                _malloc_usable_size_r
 .text.__retarget_lock_acquire_recursive
                0x0000000008008d10        0x2 /Users/zeroisone/Downloads/gcc-arm-none-eabi-9-2019-q4-major/bin/../lib/gcc/arm-none-eabi/9.2.1/../../../../arm-none-eabi/lib/thumb/v7e-m/nofp/libg_nano.a(lib_a-lock.o)
                0x0000000008008d10                __retarget_lock_acquire_recursive
 .text.__retarget_lock_release_recursive
                0x0000000008008d12        0x2 /Users/zeroisone/Downloads/gcc-arm-none-eabi-9-2019-q4-major/bin/../lib/gcc/arm-none-eabi/9.2.1/../../../../arm-none-eabi/lib/thumb/v7e-m/nofp/libg_nano.a(lib_a-lock.o)
                0x0000000008008d12                __retarget_lock_release_recursive
 *(.glue_7)
 .glue_7        0x0000000008008d14        0x0 linker stubs
 *(.glue_7t)
 .glue_7t       0x0000000008008d14        0x0 linker stubs
 *(.eh_frame)
 .eh_frame      0x0000000008008d14        0x0 /Users/zeroisone/Downloads/gcc-arm-none-eabi-9-2019-q4-major/bin/../lib/gcc/arm-none-eabi/9.2.1/thumb/v7e-m/nofp/crtbegin.o
 *(.init)
 .init          0x0000000008008d14        0x4 /Users/zeroisone/Downloads/gcc-arm-none-eabi-9-2019-q4-major/bin/../lib/gcc/arm-none-eabi/9.2.1/thumb/v7e-m/nofp/crti.o
                0x0000000008008d14                _init
 .init          0x0000000008008d18        0x8 /Users/zeroisone/Downloads/gcc-arm-none-eabi-9-2019-q4-major/bin/../lib/gcc/arm-none-eabi/9.2.1/thumb/v7e-m/nofp/crtn.o
 *(.fini)
 .fini          0x0000000008008d20        0x4 /Users/zeroisone/Downloads/gcc-arm-none-eabi-9-2019-q4-major/bin/../lib/gcc/arm-none-eabi/9.2.1/thumb/v7e-m/nofp/crti.o
                0x0000000008008d20                _fini
 .fini          0x0000000008008d24        0x8 /Users/zeroisone/Downloads/gcc-arm-none-eabi-9-2019-q4-major/bin/../lib/gcc/arm-none-eabi/9.2.1/thumb/v7e-m/nofp/crtn.o
                0x0000000008008d30                . = ALIGN (0x8)
 *fill*         0x0000000008008d2c        0x4 
                0x0000000008008d30                _etext = .

.vfp11_veneer   0x0000000008008d30        0x0
 .vfp11_veneer  0x0000000008008d30        0x0 linker stubs

.v4_bx          0x0000000008008d30        0x0
 .v4_bx         0x0000000008008d30        0x0 linker stubs

.iplt           0x0000000008008d30        0x0
 .iplt          0x0000000008008d30        0x0 /Users/zeroisone/Downloads/gcc-arm-none-eabi-9-2019-q4-major/bin/../lib/gcc/arm-none-eabi/9.2.1/thumb/v7e-m/nofp/crtbegin.o

.rodata         0x0000000008008d30     0x44c0
                0x0000000008008d30                . = ALIGN (0x8)
 *(.rodata)
 .rodata        0x0000000008008d30      0x1b0 CMakeFiles/intellikeeper_base.elf.dir/Drivers/MQTT/mqtt.c.obj
 .rodata        0x0000000008008ee0        0xf CMakeFiles/intellikeeper_base.elf.dir/Drivers/Paho_MQTT/Src/MQTTConnectClient.c.obj
 *fill*         0x0000000008008eef        0x1 
 .rodata        0x0000000008008ef0      0xfda CMakeFiles/intellikeeper_base.elf.dir/Drivers/Wifi/wifi.c.obj
 *fill*         0x0000000008009eca        0x2 
 .rodata        0x0000000008009ecc      0x22c CMakeFiles/intellikeeper_base.elf.dir/Drivers/Zigbee/zigbee.c.obj
 .rodata        0x000000000800a0f8       0xcb CMakeFiles/intellikeeper_base.elf.dir/Src/main.c.obj
 *fill*         0x000000000800a1c3        0x1 
 .rodata        0x000000000800a1c4       0x26 CMakeFiles/intellikeeper_base.elf.dir/Src/stm32l4xx_it.c.obj
 *fill*         0x000000000800a1ea        0x2 
 .rodata        0x000000000800a1ec        0x4 CMakeFiles/intellikeeper_base.elf.dir/Src/usart.c.obj
 *(.rodata*)
 .rodata.asc2_3216
                0x000000000800a1f0     0x2f80 CMakeFiles/intellikeeper_base.elf.dir/Drivers/LCD/lcd.c.obj
                0x000000000800a1f0                asc2_3216
 .rodata.channel.8707
                0x000000000800d170        0x1 CMakeFiles/intellikeeper_base.elf.dir/Drivers/Wifi/wifi.c.obj
 *fill*         0x000000000800d171        0x1 
 .rodata.port.8710
                0x000000000800d172        0x2 CMakeFiles/intellikeeper_base.elf.dir/Drivers/Wifi/wifi.c.obj
 .rodata.AHBPrescTable
                0x000000000800d174       0x10 CMakeFiles/intellikeeper_base.elf.dir/Src/system_stm32l4xx.c.obj
                0x000000000800d174                AHBPrescTable
 .rodata.APBPrescTable
                0x000000000800d184        0x8 CMakeFiles/intellikeeper_base.elf.dir/Src/system_stm32l4xx.c.obj
                0x000000000800d184                APBPrescTable
 .rodata.MSIRangeTable
                0x000000000800d18c       0x30 CMakeFiles/intellikeeper_base.elf.dir/Src/system_stm32l4xx.c.obj
                0x000000000800d18c                MSIRangeTable
 .rodata._svfprintf_r.str1.1
                0x000000000800d1bc       0x11 /Users/zeroisone/Downloads/gcc-arm-none-eabi-9-2019-q4-major/bin/../lib/gcc/arm-none-eabi/9.2.1/../../../../arm-none-eabi/lib/thumb/v7e-m/nofp/libg_nano.a(lib_a-nano-svfprintf.o)
 .rodata._printf_i.str1.1
                0x000000000800d1cd       0x22 /Users/zeroisone/Downloads/gcc-arm-none-eabi-9-2019-q4-major/bin/../lib/gcc/arm-none-eabi/9.2.1/../../../../arm-none-eabi/lib/thumb/v7e-m/nofp/libg_nano.a(lib_a-nano-vfprintf_i.o)
                0x000000000800d1f0                . = ALIGN (0x8)
 *fill*         0x000000000800d1ef        0x1 

.ARM.extab      0x000000000800d1f0        0x0
                0x000000000800d1f0                . = ALIGN (0x8)
 *(.ARM.extab* .gnu.linkonce.armextab.*)
                0x000000000800d1f0                . = ALIGN (0x8)

.ARM            0x000000000800d1f0        0x8
                0x000000000800d1f0                . = ALIGN (0x8)
                0x000000000800d1f0                __exidx_start = .
 *(.ARM.exidx*)
 .ARM.exidx     0x000000000800d1f0        0x8 /Users/zeroisone/Downloads/gcc-arm-none-eabi-9-2019-q4-major/bin/../lib/gcc/arm-none-eabi/9.2.1/thumb/v7e-m/nofp/libgcc.a(_udivmoddi4.o)
                0x000000000800d1f8                __exidx_end = .
                0x000000000800d1f8                . = ALIGN (0x8)

.rel.dyn        0x000000000800d1f8        0x0
 .rel.iplt      0x000000000800d1f8        0x0 /Users/zeroisone/Downloads/gcc-arm-none-eabi-9-2019-q4-major/bin/../lib/gcc/arm-none-eabi/9.2.1/thumb/v7e-m/nofp/crtbegin.o

.preinit_array  0x000000000800d1f8        0x0
                0x000000000800d1f8                . = ALIGN (0x8)
                0x000000000800d1f8                PROVIDE (__preinit_array_start = .)
 *(.preinit_array*)
                0x000000000800d1f8                PROVIDE (__preinit_array_end = .)
                0x000000000800d1f8                . = ALIGN (0x8)

.init_array     0x000000000800d1f8        0x8
                0x000000000800d1f8                . = ALIGN (0x8)
                0x000000000800d1f8                PROVIDE (__init_array_start = .)
 *(SORT_BY_NAME(.init_array.*))
 *(.init_array*)
 .init_array    0x000000000800d1f8        0x4 /Users/zeroisone/Downloads/gcc-arm-none-eabi-9-2019-q4-major/bin/../lib/gcc/arm-none-eabi/9.2.1/thumb/v7e-m/nofp/crtbegin.o
                0x000000000800d1fc                PROVIDE (__init_array_end = .)
                0x000000000800d200                . = ALIGN (0x8)
 *fill*         0x000000000800d1fc        0x4 

.fini_array     0x000000000800d200        0x8
                0x000000000800d200                . = ALIGN (0x8)
                [!provide]                        PROVIDE (__fini_array_start = .)
 *(SORT_BY_NAME(.fini_array.*))
 *(.fini_array*)
 .fini_array    0x000000000800d200        0x4 /Users/zeroisone/Downloads/gcc-arm-none-eabi-9-2019-q4-major/bin/../lib/gcc/arm-none-eabi/9.2.1/thumb/v7e-m/nofp/crtbegin.o
                [!provide]                        PROVIDE (__fini_array_end = .)
                0x000000000800d208                . = ALIGN (0x8)
 *fill*         0x000000000800d204        0x4 
                0x000000000800d208                _sidata = LOADADDR (.data)

.data           0x0000000020000000       0xd8 load address 0x000000000800d208
                0x0000000020000000                . = ALIGN (0x8)
                0x0000000020000000                _sdata = .
 *(.data)
 *(.data*)
 .data.Cursor_X
                0x0000000020000000        0x2 CMakeFiles/intellikeeper_base.elf.dir/Drivers/LCD/terminal.c.obj
 .data.Cursor_Y
                0x0000000020000002        0x2 CMakeFiles/intellikeeper_base.elf.dir/Drivers/LCD/terminal.c.obj
 .data.Character_FrontColor
                0x0000000020000004        0x2 CMakeFiles/intellikeeper_base.elf.dir/Drivers/LCD/terminal.c.obj
 *fill*         0x0000000020000006        0x2 
 .data.actions  0x0000000020000008       0x18 CMakeFiles/intellikeeper_base.elf.dir/Drivers/MQTT/mqtt.c.obj
 .data.uwTickPrio
                0x0000000020000020        0x4 CMakeFiles/intellikeeper_base.elf.dir/Drivers/STM32L4xx_HAL_Driver/Src/stm32l4xx_hal.c.obj
                0x0000000020000020                uwTickPrio
 .data.uwTickFreq
                0x0000000020000024        0x4 CMakeFiles/intellikeeper_base.elf.dir/Drivers/STM32L4xx_HAL_Driver/Src/stm32l4xx_hal.c.obj
                0x0000000020000024                uwTickFreq
 .data.Pending_Time
                0x0000000020000028        0x2 CMakeFiles/intellikeeper_base.elf.dir/Drivers/Wifi/wifi.c.obj
 *fill*         0x000000002000002a        0x2 
 .data.actions  0x000000002000002c       0x30 CMakeFiles/intellikeeper_base.elf.dir/Drivers/Wifi/wifi.c.obj
 .data.SSID.8705
                0x000000002000005c        0x4 CMakeFiles/intellikeeper_base.elf.dir/Drivers/Wifi/wifi.c.obj
 .data.PASS.8706
                0x0000000020000060        0x4 CMakeFiles/intellikeeper_base.elf.dir/Drivers/Wifi/wifi.c.obj
 .data.Send_Buf
                0x0000000020000064        0x4 CMakeFiles/intellikeeper_base.elf.dir/Drivers/Zigbee/zigbee.c.obj
                0x0000000020000064                Send_Buf
 .data.Transmit_Buf
                0x0000000020000068        0x4 CMakeFiles/intellikeeper_base.elf.dir/Drivers/Zigbee/zigbee.c.obj
                0x0000000020000068                Transmit_Buf
 .data.SystemCoreClock
                0x000000002000006c        0x4 CMakeFiles/intellikeeper_base.elf.dir/Src/system_stm32l4xx.c.obj
                0x000000002000006c                SystemCoreClock
 .data._impure_ptr
                0x0000000020000070        0x4 /Users/zeroisone/Downloads/gcc-arm-none-eabi-9-2019-q4-major/bin/../lib/gcc/arm-none-eabi/9.2.1/../../../../arm-none-eabi/lib/thumb/v7e-m/nofp/libg_nano.a(lib_a-impure.o)
                0x0000000020000070                _impure_ptr
 .data.impure_data
                0x0000000020000074       0x60 /Users/zeroisone/Downloads/gcc-arm-none-eabi-9-2019-q4-major/bin/../lib/gcc/arm-none-eabi/9.2.1/../../../../arm-none-eabi/lib/thumb/v7e-m/nofp/libg_nano.a(lib_a-impure.o)
                0x00000000200000d8                . = ALIGN (0x8)
 *fill*         0x00000000200000d4        0x4 
                0x00000000200000d8                _edata = .

.igot.plt       0x00000000200000d8        0x0 load address 0x000000000800d2e0
 .igot.plt      0x00000000200000d8        0x0 /Users/zeroisone/Downloads/gcc-arm-none-eabi-9-2019-q4-major/bin/../lib/gcc/arm-none-eabi/9.2.1/thumb/v7e-m/nofp/crtbegin.o
                0x00000000200000d8                . = ALIGN (0x4)

.bss            0x00000000200000d8     0x92b4 load address 0x000000000800d2e0
                0x00000000200000d8                _sbss = .
                0x00000000200000d8                __bss_start__ = _sbss
 *(.bss)
 .bss           0x00000000200000d8       0x1c /Users/zeroisone/Downloads/gcc-arm-none-eabi-9-2019-q4-major/bin/../lib/gcc/arm-none-eabi/9.2.1/thumb/v7e-m/nofp/crtbegin.o
 *(.bss*)
 .bss.LCD_Buf   0x00000000200000f4      0x480 CMakeFiles/intellikeeper_base.elf.dir/Drivers/LCD/lcd.c.obj
 .bss.Character_BackColor
                0x0000000020000574        0x2 CMakeFiles/intellikeeper_base.elf.dir/Drivers/LCD/terminal.c.obj
 *fill*         0x0000000020000576        0x2 
 .bss.Terminal_Buf
                0x0000000020000578      0x348 CMakeFiles/intellikeeper_base.elf.dir/Drivers/LCD/terminal.c.obj
 .bss.Terminal_Buf_Head
                0x00000000200008c0        0x2 CMakeFiles/intellikeeper_base.elf.dir/Drivers/LCD/terminal.c.obj
 .bss.Terminal_Buf_Tail
                0x00000000200008c2        0x2 CMakeFiles/intellikeeper_base.elf.dir/Drivers/LCD/terminal.c.obj
 .bss.Terminal_Buf_CurrentLine
                0x00000000200008c4        0x2 CMakeFiles/intellikeeper_base.elf.dir/Drivers/LCD/terminal.c.obj
 .bss.Terminal_Buf_Length
                0x00000000200008c6        0x2 CMakeFiles/intellikeeper_base.elf.dir/Drivers/LCD/terminal.c.obj
 .bss.buf       0x00000000200008c8      0x200 CMakeFiles/intellikeeper_base.elf.dir/Drivers/MQTT/mqtt.c.obj
 .bss.Device_ID
                0x0000000020000ac8        0x4 CMakeFiles/intellikeeper_base.elf.dir/Drivers/MQTT/mqtt.c.obj
 .bss.Client_ID
                0x0000000020000acc        0x4 CMakeFiles/intellikeeper_base.elf.dir/Drivers/MQTT/mqtt.c.obj
 .bss.UserName  0x0000000020000ad0        0x4 CMakeFiles/intellikeeper_base.elf.dir/Drivers/MQTT/mqtt.c.obj
 .bss.EncodedPassword
                0x0000000020000ad4        0x4 CMakeFiles/intellikeeper_base.elf.dir/Drivers/MQTT/mqtt.c.obj
 .bss.KeepAlive_Interval
                0x0000000020000ad8        0x2 CMakeFiles/intellikeeper_base.elf.dir/Drivers/MQTT/mqtt.c.obj
 *fill*         0x0000000020000ada        0x2 
 .bss.Topic_Buf
                0x0000000020000adc      0x100 CMakeFiles/intellikeeper_base.elf.dir/Drivers/MQTT/mqtt.c.obj
                0x0000000020000adc                Topic_Buf
 .bss.PublishQueue
                0x0000000020000bdc      0x400 CMakeFiles/intellikeeper_base.elf.dir/Drivers/MQTT/mqtt.c.obj
 .bss.PublishQueue_Tail
                0x0000000020000fdc        0x2 CMakeFiles/intellikeeper_base.elf.dir/Drivers/MQTT/mqtt.c.obj
 .bss.PublishQueue_Length
                0x0000000020000fde        0x2 CMakeFiles/intellikeeper_base.elf.dir/Drivers/MQTT/mqtt.c.obj
 .bss.PublishQueue_Head
                0x0000000020000fe0        0x2 CMakeFiles/intellikeeper_base.elf.dir/Drivers/MQTT/mqtt.c.obj
 *fill*         0x0000000020000fe2        0x2 
 .bss.Publish_Buf
                0x0000000020000fe4      0x200 CMakeFiles/intellikeeper_base.elf.dir/Drivers/MQTT/mqtt.c.obj
                0x0000000020000fe4                Publish_Buf
 .bss.Response_Topic_Buf
                0x00000000200011e4      0x100 CMakeFiles/intellikeeper_base.elf.dir/Drivers/MQTT/mqtt.c.obj
                0x00000000200011e4                Response_Topic_Buf
 .bss.Response_Payload
                0x00000000200012e4       0x80 CMakeFiles/intellikeeper_base.elf.dir/Drivers/MQTT/mqtt.c.obj
                0x00000000200012e4                Response_Payload
 .bss.bufptr    0x0000000020001364        0x4 CMakeFiles/intellikeeper_base.elf.dir/Drivers/Paho_MQTT/Src/MQTTPacket.c.obj
 .bss.uwTick    0x0000000020001368        0x4 CMakeFiles/intellikeeper_base.elf.dir/Drivers/STM32L4xx_HAL_Driver/Src/stm32l4xx_hal.c.obj
                0x0000000020001368                uwTick
 .bss.StreamIO_Buf
                0x000000002000136c      0x400 CMakeFiles/intellikeeper_base.elf.dir/Drivers/StreamIO/stream_io.c.obj
                0x000000002000136c                StreamIO_Buf
 .bss.Wifi_Rx   0x000000002000176c      0x400 CMakeFiles/intellikeeper_base.elf.dir/Drivers/Wifi/wifi.c.obj
 .bss.Wifi_Tx   0x0000000020001b6c      0x400 CMakeFiles/intellikeeper_base.elf.dir/Drivers/Wifi/wifi.c.obj
 .bss.Rx_Length
                0x0000000020001f6c        0x2 CMakeFiles/intellikeeper_base.elf.dir/Drivers/Wifi/wifi.c.obj
 *fill*         0x0000000020001f6e        0x2 
 .bss.RingBuffer
                0x0000000020001f70      0x800 CMakeFiles/intellikeeper_base.elf.dir/Drivers/Wifi/wifi.c.obj
 .bss.RingBuffer_Tail
                0x0000000020002770        0x2 CMakeFiles/intellikeeper_base.elf.dir/Drivers/Wifi/wifi.c.obj
 .bss.RingBuffer_Length
                0x0000000020002772        0x2 CMakeFiles/intellikeeper_base.elf.dir/Drivers/Wifi/wifi.c.obj
 .bss.RingBuffer_Head
                0x0000000020002774        0x2 CMakeFiles/intellikeeper_base.elf.dir/Drivers/Wifi/wifi.c.obj
 .bss.Is_Received
                0x0000000020002776        0x1 CMakeFiles/intellikeeper_base.elf.dir/Drivers/Wifi/wifi.c.obj
 *fill*         0x0000000020002777        0x1 
 .bss.Received_Timer
                0x0000000020002778        0x2 CMakeFiles/intellikeeper_base.elf.dir/Drivers/Wifi/wifi.c.obj
 .bss.Stream_Mode
                0x000000002000277a        0x1 CMakeFiles/intellikeeper_base.elf.dir/Drivers/Wifi/wifi.c.obj
 *fill*         0x000000002000277b        0x1 
 .bss.Response_Buffer
                0x000000002000277c     0x1000 CMakeFiles/intellikeeper_base.elf.dir/Drivers/Wifi/wifi.c.obj
                0x000000002000277c                Response_Buffer
 .bss.HTML_Buffer
                0x000000002000377c     0x1000 CMakeFiles/intellikeeper_base.elf.dir/Drivers/Wifi/wifi.c.obj
                0x000000002000377c                HTML_Buffer
 .bss.CWLAP_Buffer
                0x000000002000477c     0x1000 CMakeFiles/intellikeeper_base.elf.dir/Drivers/Wifi/wifi.c.obj
                0x000000002000477c                CWLAP_Buffer
 .bss.SSID_Buf  0x000000002000577c       0x40 CMakeFiles/intellikeeper_base.elf.dir/Drivers/Wifi/wifi.c.obj
                0x000000002000577c                SSID_Buf
 .bss.Password_Buf
                0x00000000200057bc       0x40 CMakeFiles/intellikeeper_base.elf.dir/Drivers/Wifi/wifi.c.obj
                0x00000000200057bc                Password_Buf
 .bss.Tag_Address_Mapping
                0x00000000200057fc     0x19c8 CMakeFiles/intellikeeper_base.elf.dir/Drivers/Zigbee/zigbee.c.obj
                0x00000000200057fc                Tag_Address_Mapping
 .bss.Reader_Address_Mapping
                0x00000000200071c4      0x258 CMakeFiles/intellikeeper_base.elf.dir/Drivers/Zigbee/zigbee.c.obj
                0x00000000200071c4                Reader_Address_Mapping
 .bss.Tx_Buf    0x000000002000741c      0xbb8 CMakeFiles/intellikeeper_base.elf.dir/Drivers/Zigbee/zigbee.c.obj
                0x000000002000741c                Tx_Buf
 .bss.Rx_Buf    0x0000000020007fd4      0xbb8 CMakeFiles/intellikeeper_base.elf.dir/Drivers/Zigbee/zigbee.c.obj
                0x0000000020007fd4                Rx_Buf
 .bss.Received_Length
                0x0000000020008b8c        0x1 CMakeFiles/intellikeeper_base.elf.dir/Drivers/Zigbee/zigbee.c.obj
                0x0000000020008b8c                Received_Length
 .bss.Need_To_Receive
                0x0000000020008b8d        0x1 CMakeFiles/intellikeeper_base.elf.dir/Drivers/Zigbee/zigbee.c.obj
                0x0000000020008b8d                Need_To_Receive
 .bss.state     0x0000000020008b8e        0x1 CMakeFiles/intellikeeper_base.elf.dir/Drivers/Zigbee/zigbee.c.obj
                0x0000000020008b8e                state
 *fill*         0x0000000020008b8f        0x1 
 .bss.Tag_Request_Buf
                0x0000000020008b90      0x12c CMakeFiles/intellikeeper_base.elf.dir/Drivers/Zigbee/zigbee.c.obj
                0x0000000020008b90                Tag_Request_Buf
 .bss.Zigbee_Report_Buf
                0x0000000020008cbc      0x400 CMakeFiles/intellikeeper_base.elf.dir/Drivers/Zigbee/zigbee.c.obj
 .bss.Listen_Counter
                0x00000000200090bc        0x2 CMakeFiles/intellikeeper_base.elf.dir/Drivers/Zigbee/zigbee.c.obj
 *fill*         0x00000000200090be        0x2 
 .bss.hi2c1     0x00000000200090c0       0x4c CMakeFiles/intellikeeper_base.elf.dir/Src/i2c.c.obj
                0x00000000200090c0                hi2c1
 .bss.hspi2     0x000000002000910c       0x64 CMakeFiles/intellikeeper_base.elf.dir/Src/spi.c.obj
                0x000000002000910c                hspi2
 .bss.heap_end.6018
                0x0000000020009170        0x4 CMakeFiles/intellikeeper_base.elf.dir/Src/syscalls.c.obj
 .bss.htim6     0x0000000020009174       0x40 CMakeFiles/intellikeeper_base.elf.dir/Src/tim.c.obj
                0x0000000020009174                htim6
 .bss.htim15    0x00000000200091b4       0x40 CMakeFiles/intellikeeper_base.elf.dir/Src/tim.c.obj
                0x00000000200091b4                htim15
 .bss.hlpuart1  0x00000000200091f4       0x80 CMakeFiles/intellikeeper_base.elf.dir/Src/usart.c.obj
                0x00000000200091f4                hlpuart1
 .bss.huart1    0x0000000020009274       0x80 CMakeFiles/intellikeeper_base.elf.dir/Src/usart.c.obj
                0x0000000020009274                huart1
 .bss.huart3    0x00000000200092f4       0x80 CMakeFiles/intellikeeper_base.elf.dir/Src/usart.c.obj
                0x00000000200092f4                huart3
 .bss.__malloc_free_list
                0x0000000020009374        0x4 /Users/zeroisone/Downloads/gcc-arm-none-eabi-9-2019-q4-major/bin/../lib/gcc/arm-none-eabi/9.2.1/../../../../arm-none-eabi/lib/thumb/v7e-m/nofp/libg_nano.a(lib_a-nano-mallocr.o)
                0x0000000020009374                __malloc_free_list
 .bss.__malloc_sbrk_start
                0x0000000020009378        0x4 /Users/zeroisone/Downloads/gcc-arm-none-eabi-9-2019-q4-major/bin/../lib/gcc/arm-none-eabi/9.2.1/../../../../arm-none-eabi/lib/thumb/v7e-m/nofp/libg_nano.a(lib_a-nano-mallocr.o)
                0x0000000020009378                __malloc_sbrk_start
 *(COMMON)
 COMMON         0x000000002000937c        0x4 /Users/zeroisone/Downloads/gcc-arm-none-eabi-9-2019-q4-major/bin/../lib/gcc/arm-none-eabi/9.2.1/../../../../arm-none-eabi/lib/thumb/v7e-m/nofp/libg_nano.a(lib_a-reent.o)
                0x000000002000937c                errno
 COMMON         0x0000000020009380        0x9 /Users/zeroisone/Downloads/gcc-arm-none-eabi-9-2019-q4-major/bin/../lib/gcc/arm-none-eabi/9.2.1/../../../../arm-none-eabi/lib/thumb/v7e-m/nofp/libg_nano.a(lib_a-lock.o)
                0x0000000020009380                __lock___atexit_recursive_mutex
                0x0000000020009381                __lock___arc4random_mutex
                0x0000000020009382                __lock___env_recursive_mutex
                0x0000000020009383                __lock___sinit_recursive_mutex
                0x0000000020009384                __lock___malloc_recursive_mutex
                0x0000000020009385                __lock___at_quick_exit_mutex
                0x0000000020009386                __lock___dd_hash_mutex
                0x0000000020009387                __lock___tz_mutex
                0x0000000020009388                __lock___sfp_recursive_mutex
                0x000000002000938c                . = ALIGN (0x4)
 *fill*         0x0000000020009389        0x3 
                0x000000002000938c                _ebss = .
                0x000000002000938c                __bss_end__ = _ebss

._user_heap_stack
                0x000000002000938c      0x604 load address 0x000000000800d2e0
                0x0000000020009390                . = ALIGN (0x8)
 *fill*         0x000000002000938c        0x4 
                0x0000000020009390                PROVIDE (end = .)
                [!provide]                        PROVIDE (_end = .)
                0x0000000020009590                . = (. + _Min_Heap_Size)
 *fill*         0x0000000020009390      0x200 
                0x0000000020009990                . = (. + _Min_Stack_Size)
 *fill*         0x0000000020009590      0x400 
                0x0000000020009990                . = ALIGN (0x8)

/DISCARD/
 libc.a(*)
 libm.a(*)
 libgcc.a(*)

.ARM.attributes
                0x0000000000000000       0x2a
 *(.ARM.attributes)
 .ARM.attributes
                0x0000000000000000       0x1e /Users/zeroisone/Downloads/gcc-arm-none-eabi-9-2019-q4-major/bin/../lib/gcc/arm-none-eabi/9.2.1/thumb/v7e-m/nofp/crti.o
 .ARM.attributes
                0x000000000000001e       0x2e /Users/zeroisone/Downloads/gcc-arm-none-eabi-9-2019-q4-major/bin/../lib/gcc/arm-none-eabi/9.2.1/thumb/v7e-m/nofp/crtbegin.o
 .ARM.attributes
                0x000000000000004c       0x2e CMakeFiles/intellikeeper_base.elf.dir/Drivers/LCD/lcd.c.obj
 .ARM.attributes
                0x000000000000007a       0x2e CMakeFiles/intellikeeper_base.elf.dir/Drivers/LCD/terminal.c.obj
 .ARM.attributes
                0x00000000000000a8       0x2e CMakeFiles/intellikeeper_base.elf.dir/Drivers/MQTT/mqtt.c.obj
 .ARM.attributes
                0x00000000000000d6       0x2e CMakeFiles/intellikeeper_base.elf.dir/Drivers/Paho_MQTT/Src/MQTTConnectClient.c.obj
 .ARM.attributes
                0x0000000000000104       0x2e CMakeFiles/intellikeeper_base.elf.dir/Drivers/Paho_MQTT/Src/MQTTDeserializePublish.c.obj
 .ARM.attributes
                0x0000000000000132       0x2e CMakeFiles/intellikeeper_base.elf.dir/Drivers/Paho_MQTT/Src/MQTTPacket.c.obj
 .ARM.attributes
                0x0000000000000160       0x2e CMakeFiles/intellikeeper_base.elf.dir/Drivers/Paho_MQTT/Src/MQTTSerializePublish.c.obj
 .ARM.attributes
                0x000000000000018e       0x2e CMakeFiles/intellikeeper_base.elf.dir/Drivers/Paho_MQTT/Src/MQTTSubscribeClient.c.obj
 .ARM.attributes
                0x00000000000001bc       0x2e CMakeFiles/intellikeeper_base.elf.dir/Drivers/Paho_MQTT/Src/transport.c.obj
 .ARM.attributes
                0x00000000000001ea       0x2e CMakeFiles/intellikeeper_base.elf.dir/Drivers/STM32L4xx_HAL_Driver/Src/stm32l4xx_hal.c.obj
 .ARM.attributes
                0x0000000000000218       0x2e CMakeFiles/intellikeeper_base.elf.dir/Drivers/STM32L4xx_HAL_Driver/Src/stm32l4xx_hal_cortex.c.obj
 .ARM.attributes
                0x0000000000000246       0x2e CMakeFiles/intellikeeper_base.elf.dir/Drivers/STM32L4xx_HAL_Driver/Src/stm32l4xx_hal_dma.c.obj
 .ARM.attributes
                0x0000000000000274       0x2e CMakeFiles/intellikeeper_base.elf.dir/Drivers/STM32L4xx_HAL_Driver/Src/stm32l4xx_hal_gpio.c.obj
 .ARM.attributes
                0x00000000000002a2       0x2e CMakeFiles/intellikeeper_base.elf.dir/Drivers/STM32L4xx_HAL_Driver/Src/stm32l4xx_hal_i2c.c.obj
 .ARM.attributes
                0x00000000000002d0       0x2e CMakeFiles/intellikeeper_base.elf.dir/Drivers/STM32L4xx_HAL_Driver/Src/stm32l4xx_hal_i2c_ex.c.obj
 .ARM.attributes
                0x00000000000002fe       0x2e CMakeFiles/intellikeeper_base.elf.dir/Drivers/STM32L4xx_HAL_Driver/Src/stm32l4xx_hal_pwr_ex.c.obj
 .ARM.attributes
                0x000000000000032c       0x2e CMakeFiles/intellikeeper_base.elf.dir/Drivers/STM32L4xx_HAL_Driver/Src/stm32l4xx_hal_rcc.c.obj
 .ARM.attributes
                0x000000000000035a       0x2e CMakeFiles/intellikeeper_base.elf.dir/Drivers/STM32L4xx_HAL_Driver/Src/stm32l4xx_hal_rcc_ex.c.obj
 .ARM.attributes
                0x0000000000000388       0x2e CMakeFiles/intellikeeper_base.elf.dir/Drivers/STM32L4xx_HAL_Driver/Src/stm32l4xx_hal_spi.c.obj
 .ARM.attributes
                0x00000000000003b6       0x2e CMakeFiles/intellikeeper_base.elf.dir/Drivers/STM32L4xx_HAL_Driver/Src/stm32l4xx_hal_tim.c.obj
 .ARM.attributes
                0x00000000000003e4       0x2e CMakeFiles/intellikeeper_base.elf.dir/Drivers/STM32L4xx_HAL_Driver/Src/stm32l4xx_hal_tim_ex.c.obj
 .ARM.attributes
                0x0000000000000412       0x2e CMakeFiles/intellikeeper_base.elf.dir/Drivers/STM32L4xx_HAL_Driver/Src/stm32l4xx_hal_uart.c.obj
 .ARM.attributes
                0x0000000000000440       0x2e CMakeFiles/intellikeeper_base.elf.dir/Drivers/STM32L4xx_HAL_Driver/Src/stm32l4xx_hal_uart_ex.c.obj
 .ARM.attributes
                0x000000000000046e       0x2e CMakeFiles/intellikeeper_base.elf.dir/Drivers/StreamIO/stream_io.c.obj
 .ARM.attributes
                0x000000000000049c       0x2e CMakeFiles/intellikeeper_base.elf.dir/Drivers/Wifi/wifi.c.obj
 .ARM.attributes
                0x00000000000004ca       0x2e CMakeFiles/intellikeeper_base.elf.dir/Drivers/Zigbee/zigbee.c.obj
 .ARM.attributes
                0x00000000000004f8       0x2e CMakeFiles/intellikeeper_base.elf.dir/Src/gpio.c.obj
 .ARM.attributes
                0x0000000000000526       0x2e CMakeFiles/intellikeeper_base.elf.dir/Src/i2c.c.obj
 .ARM.attributes
                0x0000000000000554       0x2e CMakeFiles/intellikeeper_base.elf.dir/Src/main.c.obj
 .ARM.attributes
                0x0000000000000582       0x2e CMakeFiles/intellikeeper_base.elf.dir/Src/spi.c.obj
 .ARM.attributes
                0x00000000000005b0       0x2e CMakeFiles/intellikeeper_base.elf.dir/Src/stm32l4xx_hal_msp.c.obj
 .ARM.attributes
                0x00000000000005de       0x2e CMakeFiles/intellikeeper_base.elf.dir/Src/stm32l4xx_it.c.obj
 .ARM.attributes
                0x000000000000060c       0x2e CMakeFiles/intellikeeper_base.elf.dir/Src/syscalls.c.obj
 .ARM.attributes
                0x000000000000063a       0x2e CMakeFiles/intellikeeper_base.elf.dir/Src/system_stm32l4xx.c.obj
 .ARM.attributes
                0x0000000000000668       0x2e CMakeFiles/intellikeeper_base.elf.dir/Src/tim.c.obj
 .ARM.attributes
                0x0000000000000696       0x2e CMakeFiles/intellikeeper_base.elf.dir/Src/usart.c.obj
 .ARM.attributes
                0x00000000000006c4       0x21 CMakeFiles/intellikeeper_base.elf.dir/startup/startup_stm32l431xx.s.obj
 .ARM.attributes
                0x00000000000006e5       0x1e /Users/zeroisone/Downloads/gcc-arm-none-eabi-9-2019-q4-major/bin/../lib/gcc/arm-none-eabi/9.2.1/thumb/v7e-m/nofp/libgcc.a(_aeabi_uldivmod.o)
 .ARM.attributes
                0x0000000000000703       0x2e /Users/zeroisone/Downloads/gcc-arm-none-eabi-9-2019-q4-major/bin/../lib/gcc/arm-none-eabi/9.2.1/thumb/v7e-m/nofp/libgcc.a(_udivmoddi4.o)
 .ARM.attributes
                0x0000000000000731       0x1e /Users/zeroisone/Downloads/gcc-arm-none-eabi-9-2019-q4-major/bin/../lib/gcc/arm-none-eabi/9.2.1/thumb/v7e-m/nofp/libgcc.a(_dvmd_tls.o)
 .ARM.attributes
                0x000000000000074f       0x2e /Users/zeroisone/Downloads/gcc-arm-none-eabi-9-2019-q4-major/bin/../lib/gcc/arm-none-eabi/9.2.1/../../../../arm-none-eabi/lib/thumb/v7e-m/nofp/libg_nano.a(lib_a-errno.o)
 .ARM.attributes
                0x000000000000077d       0x2e /Users/zeroisone/Downloads/gcc-arm-none-eabi-9-2019-q4-major/bin/../lib/gcc/arm-none-eabi/9.2.1/../../../../arm-none-eabi/lib/thumb/v7e-m/nofp/libg_nano.a(lib_a-impure.o)
 .ARM.attributes
                0x00000000000007ab       0x2e /Users/zeroisone/Downloads/gcc-arm-none-eabi-9-2019-q4-major/bin/../lib/gcc/arm-none-eabi/9.2.1/../../../../arm-none-eabi/lib/thumb/v7e-m/nofp/libg_nano.a(lib_a-init.o)
 .ARM.attributes
                0x00000000000007d9       0x2e /Users/zeroisone/Downloads/gcc-arm-none-eabi-9-2019-q4-major/bin/../lib/gcc/arm-none-eabi/9.2.1/../../../../arm-none-eabi/lib/thumb/v7e-m/nofp/libg_nano.a(lib_a-memcpy-stub.o)
 .ARM.attributes
                0x0000000000000807       0x2e /Users/zeroisone/Downloads/gcc-arm-none-eabi-9-2019-q4-major/bin/../lib/gcc/arm-none-eabi/9.2.1/../../../../arm-none-eabi/lib/thumb/v7e-m/nofp/libg_nano.a(lib_a-memset.o)
 .ARM.attributes
                0x0000000000000835       0x2e /Users/zeroisone/Downloads/gcc-arm-none-eabi-9-2019-q4-major/bin/../lib/gcc/arm-none-eabi/9.2.1/../../../../arm-none-eabi/lib/thumb/v7e-m/nofp/libg_nano.a(lib_a-snprintf.o)
 .ARM.attributes
                0x0000000000000863       0x17 /Users/zeroisone/Downloads/gcc-arm-none-eabi-9-2019-q4-major/bin/../lib/gcc/arm-none-eabi/9.2.1/../../../../arm-none-eabi/lib/thumb/v7e-m/nofp/libg_nano.a(lib_a-strlen.o)
 .ARM.attributes
                0x000000000000087a       0x2e /Users/zeroisone/Downloads/gcc-arm-none-eabi-9-2019-q4-major/bin/../lib/gcc/arm-none-eabi/9.2.1/../../../../arm-none-eabi/lib/thumb/v7e-m/nofp/libg_nano.a(lib_a-vsnprintf.o)
 .ARM.attributes
                0x00000000000008a8       0x2e /Users/zeroisone/Downloads/gcc-arm-none-eabi-9-2019-q4-major/bin/../lib/gcc/arm-none-eabi/9.2.1/../../../../arm-none-eabi/lib/thumb/v7e-m/nofp/libg_nano.a(lib_a-nano-svfprintf.o)
 .ARM.attributes
                0x00000000000008d6       0x2e /Users/zeroisone/Downloads/gcc-arm-none-eabi-9-2019-q4-major/bin/../lib/gcc/arm-none-eabi/9.2.1/../../../../arm-none-eabi/lib/thumb/v7e-m/nofp/libg_nano.a(lib_a-nano-vfprintf_i.o)
 .ARM.attributes
                0x0000000000000904       0x1c /Users/zeroisone/Downloads/gcc-arm-none-eabi-9-2019-q4-major/bin/../lib/gcc/arm-none-eabi/9.2.1/../../../../arm-none-eabi/lib/thumb/v7e-m/nofp/libg_nano.a(lib_a-memchr.o)
 .ARM.attributes
                0x0000000000000920       0x2e /Users/zeroisone/Downloads/gcc-arm-none-eabi-9-2019-q4-major/bin/../lib/gcc/arm-none-eabi/9.2.1/../../../../arm-none-eabi/lib/thumb/v7e-m/nofp/libg_nano.a(lib_a-memmove.o)
 .ARM.attributes
                0x000000000000094e       0x2e /Users/zeroisone/Downloads/gcc-arm-none-eabi-9-2019-q4-major/bin/../lib/gcc/arm-none-eabi/9.2.1/../../../../arm-none-eabi/lib/thumb/v7e-m/nofp/libg_nano.a(lib_a-nano-freer.o)
 .ARM.attributes
                0x000000000000097c       0x2e /Users/zeroisone/Downloads/gcc-arm-none-eabi-9-2019-q4-major/bin/../lib/gcc/arm-none-eabi/9.2.1/../../../../arm-none-eabi/lib/thumb/v7e-m/nofp/libg_nano.a(lib_a-nano-mallocr.o)
 .ARM.attributes
                0x00000000000009aa       0x2e /Users/zeroisone/Downloads/gcc-arm-none-eabi-9-2019-q4-major/bin/../lib/gcc/arm-none-eabi/9.2.1/../../../../arm-none-eabi/lib/thumb/v7e-m/nofp/libg_nano.a(lib_a-nano-reallocr.o)
 .ARM.attributes
                0x00000000000009d8       0x2e /Users/zeroisone/Downloads/gcc-arm-none-eabi-9-2019-q4-major/bin/../lib/gcc/arm-none-eabi/9.2.1/../../../../arm-none-eabi/lib/thumb/v7e-m/nofp/libg_nano.a(lib_a-sbrkr.o)
 .ARM.attributes
                0x0000000000000a06       0x2e /Users/zeroisone/Downloads/gcc-arm-none-eabi-9-2019-q4-major/bin/../lib/gcc/arm-none-eabi/9.2.1/../../../../arm-none-eabi/lib/thumb/v7e-m/nofp/libg_nano.a(lib_a-mlock.o)
 .ARM.attributes
                0x0000000000000a34       0x2e /Users/zeroisone/Downloads/gcc-arm-none-eabi-9-2019-q4-major/bin/../lib/gcc/arm-none-eabi/9.2.1/../../../../arm-none-eabi/lib/thumb/v7e-m/nofp/libg_nano.a(lib_a-nano-msizer.o)
 .ARM.attributes
                0x0000000000000a62       0x2e /Users/zeroisone/Downloads/gcc-arm-none-eabi-9-2019-q4-major/bin/../lib/gcc/arm-none-eabi/9.2.1/../../../../arm-none-eabi/lib/thumb/v7e-m/nofp/libg_nano.a(lib_a-reent.o)
 .ARM.attributes
                0x0000000000000a90       0x2e /Users/zeroisone/Downloads/gcc-arm-none-eabi-9-2019-q4-major/bin/../lib/gcc/arm-none-eabi/9.2.1/../../../../arm-none-eabi/lib/thumb/v7e-m/nofp/libg_nano.a(lib_a-lock.o)
 .ARM.attributes
                0x0000000000000abe       0x1e /Users/zeroisone/Downloads/gcc-arm-none-eabi-9-2019-q4-major/bin/../lib/gcc/arm-none-eabi/9.2.1/thumb/v7e-m/nofp/crtn.o
OUTPUT(intellikeeper_base.elf elf32-littlearm)

.debug_info     0x0000000000000000    0x25207
 .debug_info    0x0000000000000000      0xa71 CMakeFiles/intellikeeper_base.elf.dir/Drivers/LCD/lcd.c.obj
 .debug_info    0x0000000000000a71      0x540 CMakeFiles/intellikeeper_base.elf.dir/Drivers/LCD/terminal.c.obj
 .debug_info    0x0000000000000fb1     0x191a CMakeFiles/intellikeeper_base.elf.dir/Drivers/MQTT/mqtt.c.obj